Component: ARM Compiler 5.06 update 6 (build 750) Tool: armlink [4d35ed]

==============================================================================

Section Cross References

    startup_stm32f103xb.o(RESET) refers to startup_stm32f103xb.o(STACK) for __initial_sp
    startup_stm32f103xb.o(RESET) refers to startup_stm32f103xb.o(.text) for Reset_Handler
    startup_stm32f103xb.o(RESET) refers to stm32f1xx_it.o(i.NMI_Handler) for NMI_Handler
    startup_stm32f103xb.o(RESET) refers to stm32f1xx_it.o(i.HardFault_Handler) for HardFault_Handler
    startup_stm32f103xb.o(RESET) refers to stm32f1xx_it.o(i.MemManage_Handler) for MemManage_Handler
    startup_stm32f103xb.o(RESET) refers to stm32f1xx_it.o(i.BusFault_Handler) for BusFault_Handler
    startup_stm32f103xb.o(RESET) refers to stm32f1xx_it.o(i.UsageFault_Handler) for UsageFault_Handler
    startup_stm32f103xb.o(RESET) refers to port.o(.emb_text) for SVC_Handler
    startup_stm32f103xb.o(RESET) refers to stm32f1xx_it.o(i.DebugMon_Handler) for DebugMon_Handler
    startup_stm32f103xb.o(RESET) refers to stm32f1xx_it.o(i.SysTick_Handler) for SysTick_Handler
    startup_stm32f103xb.o(RESET) refers to stm32f1xx_it.o(i.DMA1_Channel1_IRQHandler) for DMA1_Channel1_IRQHandler
    startup_stm32f103xb.o(RESET) refers to stm32f1xx_it.o(i.DMA1_Channel4_IRQHandler) for DMA1_Channel4_IRQHandler
    startup_stm32f103xb.o(RESET) refers to stm32f1xx_it.o(i.DMA1_Channel5_IRQHandler) for DMA1_Channel5_IRQHandler
    startup_stm32f103xb.o(RESET) refers to stm32f1xx_it.o(i.DMA1_Channel6_IRQHandler) for DMA1_Channel6_IRQHandler
    startup_stm32f103xb.o(RESET) refers to stm32f1xx_it.o(i.DMA1_Channel7_IRQHandler) for DMA1_Channel7_IRQHandler
    startup_stm32f103xb.o(RESET) refers to stm32f1xx_it.o(i.TIM4_IRQHandler) for TIM4_IRQHandler
    startup_stm32f103xb.o(RESET) refers to stm32f1xx_it.o(i.USART1_IRQHandler) for USART1_IRQHandler
    startup_stm32f103xb.o(RESET) refers to stm32f1xx_it.o(i.USART2_IRQHandler) for USART2_IRQHandler
    startup_stm32f103xb.o(RESET) refers to stm32f1xx_it.o(i.EXTI15_10_IRQHandler) for EXTI15_10_IRQHandler
    startup_stm32f103xb.o(.text) refers to system_stm32f1xx.o(i.SystemInit) for SystemInit
    startup_stm32f103xb.o(.text) refers to entry.o(.ARM.Collect$$$$00000000) for __main
    led.o(i.led_ctl) refers to stm32f1xx_hal_gpio.o(i.HAL_GPIO_WritePin) for HAL_GPIO_WritePin
    led.o(i.led_operation) refers to led.o(i.led_ctl) for led_ctl
    led.o(i.led_set) refers to led.o(.bss) for .bss
    mpu6050.o(i.MPU6050ReadAcc) refers to mpu6050.o(i.MPU6050_ReadData) for MPU6050_ReadData
    mpu6050.o(i.MPU6050ReadGyro) refers to mpu6050.o(i.MPU6050_ReadData) for MPU6050_ReadData
    mpu6050.o(i.MPU6050ReadID) refers to mpu6050.o(i.MPU6050_ReadData) for MPU6050_ReadData
    mpu6050.o(i.MPU6050ReadID) refers to printfa.o(i.__0printf) for __2printf
    mpu6050.o(i.MPU6050ReadID) refers to mpu6050.o(.conststring) for .conststring
    mpu6050.o(i.MPU6050_ReadData) refers to soft_iic.o(i.IIC_Read_One_Byte) for IIC_Read_One_Byte
    mpu6050.o(i.MPU6050_WriteReg) refers to soft_iic.o(i.IIC_Write_One_Byte) for IIC_Write_One_Byte
    mpu6050.o(i.acc_butterworth_lpf) refers to filter.o(i.butterworth_lpf) for butterworth_lpf
    mpu6050.o(i.acc_butterworth_lpf) refers to mpu6050.o(.data) for .data
    mpu6050.o(i.acc_butterworth_lpf) refers to mpu6050.o(.bss) for .bss
    mpu6050.o(i.acc_iir_lpf) refers to fadd.o(.text) for __aeabi_fsub
    mpu6050.o(i.acc_iir_lpf) refers to fmul.o(.text) for __aeabi_fmul
    mpu6050.o(i.get_acc_g) refers to fscalb.o(.text) for __ARM_scalbnf
    mpu6050.o(i.get_acc_raw) refers to mpu6050.o(i.MPU6050ReadAcc) for MPU6050ReadAcc
    mpu6050.o(i.get_acc_raw) refers to fflti.o(.text) for __aeabi_i2f
    mpu6050.o(i.get_acc_raw) refers to mpu6050.o(.data) for .data
    mpu6050.o(i.get_acc_raw) refers to mpu6050.o(.bss) for .bss
    mpu6050.o(i.get_deg_s) refers to fmul.o(.text) for __aeabi_fmul
    mpu6050.o(i.get_gyro_raw) refers to mpu6050.o(i.MPU6050ReadGyro) for MPU6050ReadGyro
    mpu6050.o(i.get_gyro_raw) refers to fflti.o(.text) for __aeabi_i2f
    mpu6050.o(i.get_gyro_raw) refers to fadd.o(.text) for __aeabi_fsub
    mpu6050.o(i.get_gyro_raw) refers to ffixi.o(.text) for __aeabi_f2iz
    mpu6050.o(i.get_gyro_raw) refers to filter.o(i.butterworth_lpf) for butterworth_lpf
    mpu6050.o(i.get_gyro_raw) refers to mpu6050.o(.data) for .data
    mpu6050.o(i.get_gyro_raw) refers to mpu6050.o(.bss) for .bss
    mpu6050.o(i.get_iir_factor) refers to fmul.o(.text) for __aeabi_fmul
    mpu6050.o(i.get_iir_factor) refers to fdiv.o(.text) for __aeabi_fdiv
    mpu6050.o(i.get_iir_factor) refers to fadd.o(.text) for __aeabi_fadd
    mpu6050.o(i.get_rad_s) refers to fmul.o(.text) for __aeabi_fmul
    mpu6050.o(i.gyro_cal) refers to fadd.o(.text) for __aeabi_fadd
    mpu6050.o(i.gyro_cal) refers to fdiv.o(.text) for __aeabi_fdiv
[...]
    _double_round                            0x080007fb   Thumb Code    30  depilogue.o(.text)
    _double_epilogue                         0x08000819   Thumb Code   156  depilogue.o(.text)
    __aeabi_dadd                             0x080008b5   Thumb Code   322  dadd.o(.text)
    __aeabi_dsub                             0x080009f7   Thumb Code     6  dadd.o(.text)
    __aeabi_drsub                            0x080009fd   Thumb Code     6  dadd.o(.text)
    __aeabi_ddiv                             0x08000a03   Thumb Code   222  ddiv.o(.text)
    __ARM_scalbn                             0x08000ae1   Thumb Code    46  dscalb.o(.text)
    scalbn                                   0x08000ae1   Thumb Code     0  dscalb.o(.text)
    __aeabi_d2ulz                            0x08000b0f   Thumb Code    48  dfixul.o(.text)
    __aeabi_cdrcmple                         0x08000b41   Thumb Code    48  cdrcmple.o(.text)
    __scatterload                            0x08000b71   Thumb Code    28  init.o(.text)
    __scatterload_rt2                        0x08000b71   Thumb Code     0  init.o(.text)
    __aeabi_llsl                             0x08000b95   Thumb Code    30  llshl.o(.text)
    _ll_shift_l                              0x08000b95   Thumb Code     0  llshl.o(.text)
    __aeabi_lasr                             0x08000bb3   Thumb Code    36  llsshr.o(.text)
    _ll_sshift_r                             0x08000bb3   Thumb Code     0  llsshr.o(.text)
    isspace                                  0x08000bd7   Thumb Code    10  isspace_c.o(.text)
    _scanf_real                              0x08000d09   Thumb Code     0  scanf_fp.o(.text)
    _scanf_really_real                       0x08000d09   Thumb Code   556  scanf_fp.o(.text)
    _sgetc                                   0x08000f41   Thumb Code    30  _sgetc.o(.text)
    _sbackspace                              0x08000f5f   Thumb Code    34  _sgetc.o(.text)
    _dsqrt                                   0x08000f81   Thumb Code   162  dsqrt.o(.text)
    __ctype_lookup                           0x08001025   Thumb Code    34  ctype_c.o(.text)
    __aeabi_ul2d                             0x0800104d   Thumb Code    24  dfltul.o(.text)
    __decompress                             0x08001065   Thumb Code     0  __dczerorl2.o(.text)
    __decompress1                            0x08001065   Thumb Code    86  __dczerorl2.o(.text)
    ADC_ConversionStop_Disable               0x080010bd   Thumb Code    86  stm32f1xx_hal_adc.o(i.ADC_ConversionStop_Disable)
    ADC_DMAConvCplt                          0x08001113   Thumb Code    78  stm32f1xx_hal_adc.o(i.ADC_DMAConvCplt)
    ADC_DMAError                             0x08001161   Thumb Code    26  stm32f1xx_hal_adc.o(i.ADC_DMAError)
    ADC_DMAHalfConvCplt                      0x0800117b   Thumb Code    10  stm32f1xx_hal_adc.o(i.ADC_DMAHalfConvCplt)
    ADC_Enable                               0x08001185   Thumb Code   114  stm32f1xx_hal_adc.o(i.ADC_Enable)
    ANO_DMA_SEND_DATA                        0x08001201   Thumb Code   280  ano.o(i.ANO_DMA_SEND_DATA)
    ANO_DT_Data_Receive_Anl                  0x08001339   Thumb Code   192  ano.o(i.ANO_DT_Data_Receive_Anl)
    ANO_DT_Send_Power                        0x08001469   Thumb Code   114  ano.o(i.ANO_DT_Send_Power)
    ANO_DT_Send_RCData                       0x080014e5   Thumb Code   172  ano.o(i.ANO_DT_Send_RCData)
    ANO_DT_Send_Senser                       0x08001595   Thumb Code   206  ano.o(i.ANO_DT_Send_Senser)
    ANO_DT_Send_Status                       0x08001669   Thumb Code   180  ano.o(i.ANO_DT_Send_Status)
    ANO_DT_Send_User                         0x08001729   Thumb Code   406  ano.o(i.ANO_DT_Send_User)
    Bluetooth_RecvData                       0x080018c5   Thumb Code    44  bluetooth.o(i.Bluetooth_RecvData)
    BusFault_Handler                         0x080018f9   Thumb Code     2  stm32f1xx_it.o(i.BusFault_Handler)
    CarBackward                              0x080018fd   Thumb Code    28  controller.o(i.CarBackward)
    CargoForward                             0x0800191d   Thumb Code    28  controller.o(i.CargoForward)
    DISplayIIC_Start                         0x0800193d   Thumb Code    52  display.o(i.DISplayIIC_Start)
    DISplayIIC_Stop                          0x08001975   Thumb Code    40  display.o(i.DISplayIIC_Stop)
    DISplayIIC_Wait_Ack                      0x080019a1   Thumb Code    30  display.o(i.DISplayIIC_Wait_Ack)
    DISplayWrite_IIC_Byte                    0x080019c5   Thumb Code    86  display.o(i.DISplayWrite_IIC_Byte)
    DISplayWrite_IIC_Command                 0x08001a21   Thumb Code    46  display.o(i.DISplayWrite_IIC_Command)
    DISplayWrite_IIC_Data                    0x08001a4f   Thumb Code    46  display.o(i.DISplayWrite_IIC_Data)
    DISplay_Clear                            0x08001a7d   Thumb Code    58  display.o(i.DISplay_Clear)
    DISplay_Init                             0x08001ab7   Thumb Code   228  display.o(i.DISplay_Init)
    DISplay_Set_Pos                          0x08001b9b   Thumb Code    42  display.o(i.DISplay_Set_Pos)
    DISplay_ShowChar                         0x08001bc5   Thumb Code   128  display.o(i.DISplay_ShowChar)
    DISplay_ShowFolatNum                     0x08001c4d   Thumb Code   236  display.o(i.DISplay_ShowFolatNum)
    DISplay_ShowString                       0x08001d3d   Thumb Code    54  display.o(i.DISplay_ShowString)
    DISplay_WR_Byte                          0x08001d73   Thumb Code    12  display.o(i.DISplay_WR_Byte)
    DISplay_pow                              0x08001d7f   Thumb Code    16  display.o(i.DISplay_pow)
    DMA1_Channel1_IRQHandler                 0x08001d91   Thumb Code     6  stm32f1xx_it.o(i.DMA1_Channel1_IRQHandler)
    DMA1_Channel4_IRQHandler                 0x08001d9d   Thumb Code     6  stm32f1xx_it.o(i.DMA1_Channel4_IRQHandler)
    DMA1_Channel5_IRQHandler                 0x08001da9   Thumb Code     6  stm32f1xx_it.o(i.DMA1_Channel5_IRQHandler)
    DMA1_Channel6_IRQHandler                 0x08001db5   Thumb Code     6  stm32f1xx_it.o(i.DMA1_Channel6_IRQHandler)
    DMA1_Channel7_IRQHandler                 0x08001dc1   Thumb Code     6  stm32f1xx_it.o(i.DMA1_Channel7_IRQHandler)
    DebugMon_Handler                         0x08001df7   Thumb Code     2  stm32f1xx_it.o(i.DebugMon_Handler)
    DisableAuxMotor                          0x08001df9   Thumb Code    12  controller.o(i.DisableAuxMotor)
    EXTI15_10_IRQHandler                     0x08001e09   Thumb Code     8  stm32f1xx_it.o(i.EXTI15_10_IRQHandler)
    EnableAuxMotor                           0x08001e11   Thumb Code    10  controller.o(i.EnableAuxMotor)
    Error_Handler                            0x08001e21   Thumb Code     4  main.o(i.Error_Handler)
    FLASH_PageErase                          0x08001e49   Thumb Code    28  stm32f1xx_hal_flash_ex.o(i.FLASH_PageErase)
    FLASH_ReadFloatData                      0x08001e89   Thumb Code    26  flash.o(i.FLASH_ReadFloatData)
    FLASH_WaitForLastOperation               0x08001f01   Thumb Code    80  stm32f1xx_hal_flash.o(i.FLASH_WaitForLastOperation)
    FLASH_WriteThreeFloatData                0x08001f55   Thumb Code    16  flash.o(i.FLASH_WriteThreeFloatData)
    FLASH_WriteWordData                      0x08001f65   Thumb Code   116  flash.o(i.FLASH_WriteWordData)
    FloatComparison                          0x08002001   Thumb Code    56  imath.o(i.FloatComparison)
    HAL_ADC_ConfigChannel                    0x08002039   Thumb Code   240  stm32f1xx_hal_adc.o(i.HAL_ADC_ConfigChannel)
    HAL_ADC_ConvCpltCallback                 0x08002135   Thumb Code     2  stm32f1xx_hal_adc.o(i.HAL_ADC_ConvCpltCallback)
    HAL_ADC_ConvHalfCpltCallback             0x08002137   Thumb Code     2  stm32f1xx_hal_adc.o(i.HAL_ADC_ConvHalfCpltCallback)
    HAL_ADC_ErrorCallback                    0x08002139   Thumb Code     2  stm32f1xx_hal_adc.o(i.HAL_ADC_ErrorCallback)
    HAL_ADC_Init                             0x0800213d   Thumb Code   272  stm32f1xx_hal_adc.o(i.HAL_ADC_Init)
    HAL_ADC_MspInit                          0x08002259   Thumb Code   122  adc.o(i.HAL_ADC_MspInit)
    HAL_ADC_Start_DMA                        0x080022e9   Thumb Code   246  stm32f1xx_hal_adc.o(i.HAL_ADC_Start_DMA)
    HAL_DMA_Abort                            0x080023f5   Thumb Code    70  stm32f1xx_hal_dma.o(i.HAL_DMA_Abort)
    HAL_DMA_Abort_IT                         0x0800243d   Thumb Code   148  stm32f1xx_hal_dma.o(i.HAL_DMA_Abort_IT)
    HAL_DMA_IRQHandler                       0x080024d5   Thumb Code   316  stm32f1xx_hal_dma.o(i.HAL_DMA_IRQHandler)
    HAL_DMA_Init                             0x08002629   Thumb Code    84  stm32f1xx_hal_dma.o(i.HAL_DMA_Init)
    HAL_DMA_Start_IT                         0x08002685   Thumb Code   112  stm32f1xx_hal_dma.o(i.HAL_DMA_Start_IT)
    HAL_FLASHEx_Erase                        0x080026f5   Thumb Code   160  stm32f1xx_hal_flash_ex.o(i.HAL_FLASHEx_Erase)
    HAL_FLASH_Lock                           0x0800279d   Thumb Code    14  stm32f1xx_hal_flash.o(i.HAL_FLASH_Lock)
    HAL_FLASH_Program                        0x080027b1   Thumb Code   120  stm32f1xx_hal_flash.o(i.HAL_FLASH_Program)
    HAL_FLASH_Unlock                         0x08002831   Thumb Code    28  stm32f1xx_hal_flash.o(i.HAL_FLASH_Unlock)
    HAL_GPIO_EXTI_Callback                   0x08002859   Thumb Code   110  ultrasonic.o(i.HAL_GPIO_EXTI_Callback)
    HAL_GPIO_EXTI_IRQHandler                 0x080028e1   Thumb Code    18  stm32f1xx_hal_gpio.o(i.HAL_GPIO_EXTI_IRQHandler)
    HAL_GPIO_Init                            0x080028f9   Thumb Code   446  stm32f1xx_hal_gpio.o(i.HAL_GPIO_Init)
    HAL_GPIO_ReadPin                         0x08002ad9   Thumb Code    10  stm32f1xx_hal_gpio.o(i.HAL_GPIO_ReadPin)
    HAL_GPIO_TogglePin                       0x08002ae3   Thumb Code    16  stm32f1xx_hal_gpio.o(i.HAL_GPIO_TogglePin)
    HAL_GPIO_WritePin                        0x08002af3   Thumb Code    10  stm32f1xx_hal_gpio.o(i.HAL_GPIO_WritePin)
    HAL_GetTick                              0x08002afd   Thumb Code     6  stm32f1xx_hal.o(i.HAL_GetTick)
    HAL_IncTick                              0x08002b09   Thumb Code    12  stm32f1xx_hal.o(i.HAL_IncTick)
    HAL_Init                                 0x08002b19   Thumb Code    32  stm32f1xx_hal.o(i.HAL_Init)
    HAL_InitTick                             0x08002b3d   Thumb Code    54  stm32f1xx_hal.o(i.HAL_InitTick)
    HAL_MspInit                              0x08002b7d   Thumb Code    62  stm32f1xx_hal_msp.o(i.HAL_MspInit)
    HAL_NVIC_EnableIRQ                       0x08002bc5   Thumb Code    26  stm32f1xx_hal_cortex.o(i.HAL_NVIC_EnableIRQ)
    HAL_NVIC_SetPriority                     0x08002be1   Thumb Code    60  stm32f1xx_hal_cortex.o(i.HAL_NVIC_SetPriority)
    HAL_NVIC_SetPriorityGrouping             0x08002c21   Thumb Code    26  stm32f1xx_hal_cortex.o(i.HAL_NVIC_SetPriorityGrouping)
    HAL_RCCEx_PeriphCLKConfig                0x08002c45   Thumb Code   224  stm32f1xx_hal_rcc_ex.o(i.HAL_RCCEx_PeriphCLKConfig)
    HAL_RCC_CSSCallback                      0x08002d31   Thumb Code     2  stm32f1xx_hal_rcc.o(i.HAL_RCC_CSSCallback)
    HAL_RCC_ClockConfig                      0x08002d35   Thumb Code   280  stm32f1xx_hal_rcc.o(i.HAL_RCC_ClockConfig)
    HAL_RCC_EnableCSS                        0x08002e61   Thumb Code     8  stm32f1xx_hal_rcc.o(i.HAL_RCC_EnableCSS)
    HAL_RCC_GetPCLK1Freq                     0x08002e6d   Thumb Code    20  stm32f1xx_hal_rcc.o(i.HAL_RCC_GetPCLK1Freq)
    HAL_RCC_GetPCLK2Freq                     0x08002e8d   Thumb Code    20  stm32f1xx_hal_rcc.o(i.HAL_RCC_GetPCLK2Freq)
    HAL_RCC_GetSysClockFreq                  0x08002ead   Thumb Code    74  stm32f1xx_hal_rcc.o(i.HAL_RCC_GetSysClockFreq)
    HAL_RCC_NMI_IRQHandler                   0x08002f19   Thumb Code    20  stm32f1xx_hal_rcc.o(i.HAL_RCC_NMI_IRQHandler)
    HAL_RCC_OscConfig                        0x08002f31   Thumb Code   778  stm32f1xx_hal_rcc.o(i.HAL_RCC_OscConfig)
    HAL_SYSTICK_Config                       0x08003251   Thumb Code    40  stm32f1xx_hal_cortex.o(i.HAL_SYSTICK_Config)
    HAL_TIMEx_BreakCallback                  0x08003279   Thumb Code     2  stm32f1xx_hal_tim_ex.o(i.HAL_TIMEx_BreakCallback)
    HAL_TIMEx_CommutCallback                 0x0800327b   Thumb Code     2  stm32f1xx_hal_tim_ex.o(i.HAL_TIMEx_CommutCallback)
    HAL_TIMEx_ConfigBreakDeadTime            0x0800327d   Thumb Code    84  stm32f1xx_hal_tim_ex.o(i.HAL_TIMEx_ConfigBreakDeadTime)
    HAL_TIMEx_MasterConfigSynchronization    0x080032d1   Thumb Code    92  stm32f1xx_hal_tim_ex.o(i.HAL_TIMEx_MasterConfigSynchronization)
    HAL_TIM_Base_Init                        0x08003339   Thumb Code    90  stm32f1xx_hal_tim.o(i.HAL_TIM_Base_Init)
    HAL_TIM_Base_MspInit                     0x08003395   Thumb Code    50  tim.o(i.HAL_TIM_Base_MspInit)
    HAL_TIM_Base_Start_IT                    0x080033d1   Thumb Code    76  stm32f1xx_hal_tim.o(i.HAL_TIM_Base_Start_IT)
    HAL_TIM_Base_Stop_IT                     0x08003429   Thumb Code    48  stm32f1xx_hal_tim.o(i.HAL_TIM_Base_Stop_IT)
    HAL_TIM_ConfigClockSource                0x08003459   Thumb Code   214  stm32f1xx_hal_tim.o(i.HAL_TIM_ConfigClockSource)
    HAL_TIM_Encoder_Init                     0x0800352f   Thumb Code   164  stm32f1xx_hal_tim.o(i.HAL_TIM_Encoder_Init)
    HAL_TIM_Encoder_MspInit                  0x080035d5   Thumb Code    72  tim.o(i.HAL_TIM_Encoder_MspInit)
    HAL_TIM_Encoder_Start                    0x08003625   Thumb Code   142  stm32f1xx_hal_tim.o(i.HAL_TIM_Encoder_Start)
    HAL_TIM_IC_CaptureCallback               0x080036b3   Thumb Code     2  stm32f1xx_hal_tim.o(i.HAL_TIM_IC_CaptureCallback)
    HAL_TIM_IRQHandler                       0x080036b5   Thumb Code   358  stm32f1xx_hal_tim.o(i.HAL_TIM_IRQHandler)
    HAL_TIM_MspPostInit                      0x0800381d   Thumb Code    88  tim.o(i.HAL_TIM_MspPostInit)
    HAL_TIM_OC_DelayElapsedCallback          0x08003885   Thumb Code     2  stm32f1xx_hal_tim.o(i.HAL_TIM_OC_DelayElapsedCallback)
    HAL_TIM_PWM_ConfigChannel                0x08003887   Thumb Code   198  stm32f1xx_hal_tim.o(i.HAL_TIM_PWM_ConfigChannel)
    HAL_TIM_PWM_Init                         0x0800394d   Thumb Code    90  stm32f1xx_hal_tim.o(i.HAL_TIM_PWM_Init)
    HAL_TIM_PWM_MspInit                      0x080039a9   Thumb Code    52  tim.o(i.HAL_TIM_PWM_MspInit)
    HAL_TIM_PWM_PulseFinishedCallback        0x080039e9   Thumb Code     2  stm32f1xx_hal_tim.o(i.HAL_TIM_PWM_PulseFinishedCallback)
    HAL_TIM_PWM_Start                        0x080039ed   Thumb Code   144  stm32f1xx_hal_tim.o(i.HAL_TIM_PWM_Start)
    HAL_TIM_PeriodElapsedCallback            0x08003a89   Thumb Code     2  stm32f1xx_hal_tim.o(i.HAL_TIM_PeriodElapsedCallback)
    HAL_TIM_TriggerCallback                  0x08003a8b   Thumb Code     2  stm32f1xx_hal_tim.o(i.HAL_TIM_TriggerCallback)
    HAL_UARTEx_RxEventCallback               0x08003a8d   Thumb Code     2  stm32f1xx_hal_uart.o(i.HAL_UARTEx_RxEventCallback)
    HAL_UART_DMAStop                         0x08003a8f   Thumb Code    88  stm32f1xx_hal_uart.o(i.HAL_UART_DMAStop)
    HAL_UART_ErrorCallback                   0x08003ae7   Thumb Code     2  stm32f1xx_hal_uart.o(i.HAL_UART_ErrorCallback)
    HAL_UART_IRQHandler                      0x08003ae9   Thumb Code   520  stm32f1xx_hal_uart.o(i.HAL_UART_IRQHandler)
    HAL_UART_Init                            0x08003cf5   Thumb Code    98  stm32f1xx_hal_uart.o(i.HAL_UART_Init)
    HAL_UART_MspInit                         0x08003d59   Thumb Code   382  usart.o(i.HAL_UART_MspInit)
    HAL_UART_Receive_DMA                     0x08003ef1   Thumb Code    42  stm32f1xx_hal_uart.o(i.HAL_UART_Receive_DMA)
    HAL_UART_RxCpltCallback                  0x08003f1b   Thumb Code     2  stm32f1xx_hal_uart.o(i.HAL_UART_RxCpltCallback)
    HAL_UART_RxHalfCpltCallback              0x08003f1d   Thumb Code     2  stm32f1xx_hal_uart.o(i.HAL_UART_RxHalfCpltCallback)
    HAL_UART_Transmit                        0x08003f21   Thumb Code   178  stm32f1xx_hal_uart.o(i.HAL_UART_Transmit)
    HAL_UART_Transmit_DMA                    0x08003fd5   Thumb Code   114  stm32f1xx_hal_uart.o(i.HAL_UART_Transmit_DMA)
    HAL_UART_TxCpltCallback                  0x08004055   Thumb Code     2  stm32f1xx_hal_uart.o(i.HAL_UART_TxCpltCallback)
    HAL_UART_TxHalfCpltCallback              0x08004057   Thumb Code     2  stm32f1xx_hal_uart.o(i.HAL_UART_TxHalfCpltCallback)
    HardFault_Handler                        0x08004059   Thumb Code     2  stm32f1xx_it.o(i.HardFault_Handler)
    IIC_Read_Byte                            0x0800405d   Thumb Code    72  soft_iic.o(i.IIC_Read_Byte)
    IIC_Read_One_Byte                        0x080040a9   Thumb Code    52  soft_iic.o(i.IIC_Read_One_Byte)
    IIC_Send_Byte                            0x080040dd   Thumb Code    92  soft_iic.o(i.IIC_Send_Byte)
    IIC_Slave_Ack                            0x0800413d   Thumb Code    96  soft_iic.o(i.IIC_Slave_Ack)
    IIC_Start                                0x080041a1   Thumb Code    50  soft_iic.o(i.IIC_Start)
    IIC_Stop                                 0x080041d9   Thumb Code    68  soft_iic.o(i.IIC_Stop)
    IIC_Write_One_Byte                       0x08004221   Thumb Code    38  soft_iic.o(i.IIC_Write_One_Byte)
    MPU6050ReadAcc                           0x08004255   Thumb Code    40  mpu6050.o(i.MPU6050ReadAcc)
    MPU6050ReadGyro                          0x0800427d   Thumb Code    40  mpu6050.o(i.MPU6050ReadGyro)
    MPU6050ReadID                            0x080042a5   Thumb Code    50  mpu6050.o(i.MPU6050ReadID)
    MPU6050_ReadData                         0x080042f1   Thumb Code    40  mpu6050.o(i.MPU6050_ReadData)
    MPU6050_WriteReg                         0x08004319   Thumb Code    10  mpu6050.o(i.MPU6050_WriteReg)
    MX_ADC1_Init                             0x08004325   Thumb Code    82  adc.o(i.MX_ADC1_Init)
    MX_DMA_Init                              0x08004381   Thumb Code   104  dma.o(i.MX_DMA_Init)
    MX_FREERTOS_Init                         0x080043ed   Thumb Code   186  freertos.o(i.MX_FREERTOS_Init)
    MX_GPIO_Init                             0x080044b1   Thumb Code   262  gpio.o(i.MX_GPIO_Init)
    MX_TIM1_Init                             0x080045cd   Thumb Code   152  tim.o(i.MX_TIM1_Init)
    MX_TIM2_Init                             0x0800466d   Thumb Code   108  tim.o(i.MX_TIM2_Init)
    MX_TIM3_Init                             0x080046dd   Thumb Code   124  tim.o(i.MX_TIM3_Init)
    MX_TIM4_Init                             0x08004761   Thumb Code    98  tim.o(i.MX_TIM4_Init)
    MX_USART1_UART_Init                      0x080047cd   Thumb Code    66  usart.o(i.MX_USART1_UART_Init)
    MX_USART2_UART_Init                      0x0800481d   Thumb Code    66  usart.o(i.MX_USART2_UART_Init)
    Matrix_ready                             0x0800486d   Thumb Code    14  imu.o(i.Matrix_ready)
    MemManage_Handler                        0x0800487b   Thumb Code     2  stm32f1xx_it.o(i.MemManage_Handler)
    NMI_Handler                              0x0800487d   Thumb Code     6  stm32f1xx_it.o(i.NMI_Handler)
    ParseBluetoothMessage                    0x08004885   Thumb Code   230  bluetooth.o(i.ParseBluetoothMessage)
    SDA_IN                                   0x08004971   Thumb Code    26  soft_iic.o(i.SDA_IN)
    SDA_OUT                                  0x08004991   Thumb Code    28  soft_iic.o(i.SDA_OUT)
    StartBluetoothTransferTask               0x080049b1   Thumb Code    16  freertos.o(i.StartBluetoothTransferTask)
    StartControllerTask                      0x080049c1   Thumb Code    12  freertos.o(i.StartControllerTask)
    StartDebugTransferTask                   0x080049cd   Thumb Code    16  freertos.o(i.StartDebugTransferTask)
    StartDefaultTask                         0x080049dd   Thumb Code    70  freertos.o(i.StartDefaultTask)
    StartScatteredTask                       0x08004a35   Thumb Code   190  freertos.o(i.StartScatteredTask)
    StartSensorSampleTask                    0x08004b45   Thumb Code   114  freertos.o(i.StartSensorSampleTask)
    SysTick_Handler                          0x08004bd1   Thumb Code    24  stm32f1xx_it.o(i.SysTick_Handler)
    SystemClock_Config                       0x08004be9   Thumb Code   122  main.o(i.SystemClock_Config)
    SystemInit                               0x08004c63   Thumb Code     2  system_stm32f1xx.o(i.SystemInit)
    TIM4_IRQHandler                          0x08004c65   Thumb Code    18  stm32f1xx_it.o(i.TIM4_IRQHandler)
    TIM_Base_SetConfig                       0x08004c81   Thumb Code    94  stm32f1xx_hal_tim.o(i.TIM_Base_SetConfig)
    TIM_CCxChannelCmd                        0x08004ced   Thumb Code    26  stm32f1xx_hal_tim.o(i.TIM_CCxChannelCmd)
    TIM_ETR_SetConfig                        0x08004d07   Thumb Code    20  stm32f1xx_hal_tim.o(i.TIM_ETR_SetConfig)
    TIM_OC2_SetConfig                        0x08004d7d   Thumb Code    84  stm32f1xx_hal_tim.o(i.TIM_OC2_SetConfig)
    TurnLeftOrRight                          0x08004eb9   Thumb Code    52  controller.o(i.TurnLeftOrRight)
    UART_Start_Receive_DMA                   0x080051b1   Thumb Code    98  stm32f1xx_hal_uart.o(i.UART_Start_Receive_DMA)
    USART1_IRQHandler                        0x08005285   Thumb Code    68  stm32f1xx_it.o(i.USART1_IRQHandler)
    USART2_IRQHandler                        0x080052d5   Thumb Code    68  stm32f1xx_it.o(i.USART2_IRQHandler)
    UploadMsg_MpuData                        0x08005325   Thumb Code    86  bluetooth.o(i.UploadMsg_MpuData)
    UsageFault_Handler                       0x080053b9   Thumb Code     2  stm32f1xx_it.o(i.UsageFault_Handler)
    Usart1_DMA_Sent                          0x080053bd   Thumb Code    46  usart.o(i.Usart1_DMA_Sent)
    Usart2_DMA_Sent                          0x080053f5   Thumb Code    46  bluetooth.o(i.Usart2_DMA_Sent)
    Usart_RecvData                           0x0800542d   Thumb Code    42  usart.o(i.Usart_RecvData)
    __0printf                                0x0800545d   Thumb Code    22  printfa.o(i.__0printf)
    __1printf                                0x0800545d   Thumb Code     0  printfa.o(i.__0printf)
    __2printf                                0x0800545d   Thumb Code     0  printfa.o(i.__0printf)
    __c89printf                              0x0800545d   Thumb Code     0  printfa.o(i.__0printf)
    printf                                   0x0800545d   Thumb Code     0  printfa.o(i.__0printf)
    __0sprintf                               0x0800547d   Thumb Code    34  printfa.o(i.__0sprintf)
    __1sprintf                               0x0800547d   Thumb Code     0  printfa.o(i.__0sprintf)
    __2sprintf                               0x0800547d   Thumb Code     0  printfa.o(i.__0sprintf)
    __c89sprintf                             0x0800547d   Thumb Code     0  printfa.o(i.__0sprintf)
    sprintf                                  0x0800547d   Thumb Code     0  printfa.o(i.__0sprintf)
    __ARM_fpclassify                         0x080054a5   Thumb Code    40  fpclassify.o(i.__ARM_fpclassify)
    __kernel_poly                            0x080054ed   Thumb Code   170  poly.o(i.__kernel_poly)
    __mathlib_dbl_infnan                     0x08005597   Thumb Code     6  dunder.o(i.__mathlib_dbl_infnan)
    __mathlib_dbl_infnan2                    0x0800559d   Thumb Code     4  dunder.o(i.__mathlib_dbl_infnan2)
    __mathlib_dbl_invalid                    0x080055a1   Thumb Code    12  dunder.o(i.__mathlib_dbl_invalid)
    __mathlib_dbl_underflow                  0x080055ad   Thumb Code    10  dunder.o(i.__mathlib_dbl_underflow)
    __read_errno                             0x080055bd   Thumb Code     6  errno.o(i.__read_errno)
    __scatterload_copy                       0x080055c9   Thumb Code    14  handlers.o(i.__scatterload_copy)
    __scatterload_null                       0x080055d7   Thumb Code     2  handlers.o(i.__scatterload_null)
    __scatterload_zeroinit                   0x080055d9   Thumb Code    14  handlers.o(i.__scatterload_zeroinit)
    __set_errno                              0x080055e9   Thumb Code     6  errno.o(i.__set_errno)
    _controller_output                       0x080055f5   Thumb Code   210  controller.o(i._controller_output)
    _controller_perform                      0x080056e9   Thumb Code    72  controller.o(i._controller_perform)
    _is_digit                                0x080058c5   Thumb Code    14  scanf_fp.o(i._is_digit)
    _set_val                                 0x08006003   Thumb Code    14  imath.o(i._set_val)
    acc_iir_lpf                              0x0800601b   Thumb Code    86  mpu6050.o(i.acc_iir_lpf)
    all_pid_init                             0x08006071   Thumb Code    34  pid.o(i.all_pid_init)
    asin                                     0x08006099   Thumb Code   572  asin.o(i.asin)
    atan                                     0x08006309   Thumb Code   474  atan.o(i.atan)
    atan2                                    0x08006529   Thumb Code   346  atan2.o(i.atan2)
    atof                                     0x080066a9   Thumb Code    42  atof.o(i.atof)
    butterworth_lpf                          0x080066d3   Thumb Code   104  filter.o(i.butterworth_lpf)
    clear_integral                           0x0800673b   Thumb Code     6  pid.o(i.clear_integral)
    delay                                    0x08006741   Thumb Code    20  imath.o(i.delay)
    f_abs                                    0x08006755   Thumb Code    12  imath.o(i.f_abs)
    fputc                                    0x08006761   Thumb Code    20  usart.o(i.fputc)
    get_acc_g                                0x08006779   Thumb Code    42  mpu6050.o(i.get_acc_g)
    get_acc_raw                              0x080067a5   Thumb Code    44  mpu6050.o(i.get_acc_raw)
    get_deg_s                                0x080067d9   Thumb Code    40  mpu6050.o(i.get_deg_s)
    get_gyro_raw                             0x08006805   Thumb Code   160  mpu6050.o(i.get_gyro_raw)
    get_iir_factor                           0x080068ad   Thumb Code    42  mpu6050.o(i.get_iir_factor)
    get_rad_s                                0x080068dd   Thumb Code    40  mpu6050.o(i.get_rad_s)
    goForwardOrBackward                      0x08006909   Thumb Code    70  controller.o(i.goForwardOrBackward)
    gyro_cal                                 0x08006959   Thumb Code   246  mpu6050.o(i.gyro_cal)
    int_abs                                  0x08006a75   Thumb Code     8  imath.o(i.int_abs)
    invSqrt                                  0x08006a7d   Thumb Code    48  imath.o(i.invSqrt)
    led_operation                            0x08006ad1   Thumb Code    78  led.o(i.led_operation)
    led_set                                  0x08006b21   Thumb Code    42  led.o(i.led_set)
    mahony_update                            0x08006b51   Thumb Code   900  imu.o(i.mahony_update)
    main                                     0x08006ef5   Thumb Code   184  main.o(i.main)
    mpu6050_init                             0x08006ff5   Thumb Code    72  mpu6050.o(i.mpu6050_init)
    osDelay                                  0x0800703d   Thumb Code    14  cmsis_os.o(i.osDelay)
    osKernelStart                            0x0800704b   Thumb Code    10  cmsis_os.o(i.osKernelStart)
    osMessageCreate                          0x08007055   Thumb Code    38  cmsis_os.o(i.osMessageCreate)
    osThreadCreate                           0x0800707b   Thumb Code    84  cmsis_os.o(i.osThreadCreate)
    pid_controller                           0x080070cf   Thumb Code   148  pid.o(i.pid_controller)
    pid_init                                 0x08007165   Thumb Code    34  pid.o(i.pid_init)
    pvPortMalloc                             0x080074e5   Thumb Code   210  heap_4.o(i.pvPortMalloc)
    pxPortInitialiseStack                    0x080075bd   Thumb Code    32  port.o(i.pxPortInitialiseStack)
    readCalData                              0x080075e1   Thumb Code   150  mpu6050.o(i.readCalData)
    readEncoderValue                         0x080076dd   Thumb Code    40  encoder.o(i.readEncoderValue)
    read_ADC_voltagedata                     0x0800770d   Thumb Code    30  adc.o(i.read_ADC_voltagedata)
    rotation_matrix                          0x08007731   Thumb Code   270  imu.o(i.rotation_matrix)
    rotation_matrix_T                        0x08007849   Thumb Code   270  imu.o(i.rotation_matrix_T)
    setFloatValue                            0x08007961   Thumb Code     8  imath.o(i.setFloatValue)
    soft_iic_init                            0x08007969   Thumb Code    72  soft_iic.o(i.soft_iic_init)
    sqrt                                     0x080079b9   Thumb Code    76  sqrt.o(i.sqrt)
    tdelay_us                                0x08007a6d   Thumb Code    18  imath.o(i.tdelay_us)
    u16RangeLimit                            0x08007a7f   Thumb Code    14  imath.o(i.u16RangeLimit)
    ultraCheck                               0x08007a8d   Thumb Code    44  ultrasonic.o(i.ultraCheck)
    ultrasonic_startMeasure                  0x08007b19   Thumb Code    36  ultrasonic.o(i.ultrasonic_startMeasure)
    uxListRemove                             0x08007b41   Thumb Code    38  list.o(i.uxListRemove)
    vApplicationGetIdleTaskMemory            0x08007b69   Thumb Code    16  freertos.o(i.vApplicationGetIdleTaskMemory)
    vListInitialise                          0x08007b7d   Thumb Code    22  list.o(i.vListInitialise)
    vListInitialiseItem                      0x08007b93   Thumb Code     6  list.o(i.vListInitialiseItem)
    vListInsert                              0x08007b99   Thumb Code    48  list.o(i.vListInsert)
    vListInsertEnd                           0x08007bc9   Thumb Code    24  list.o(i.vListInsertEnd)
    vPortEnterCritical                       0x08007be1   Thumb Code    54  port.o(i.vPortEnterCritical)
    vPortExitCritical                        0x08007c21   Thumb Code    34  port.o(i.vPortExitCritical)
    vPortFree                                0x08007c49   Thumb Code    88  heap_4.o(i.vPortFree)
    vPortSetupTimerInterrupt                 0x08007ca5   Thumb Code    32  port.o(i.vPortSetupTimerInterrupt)
    vTaskDelay                               0x08007cc9   Thumb Code    66  tasks.o(i.vTaskDelay)
    vTaskStartScheduler                      0x08007d15   Thumb Code    90  tasks.o(i.vTaskStartScheduler)
    vTaskSuspendAll                          0x08007d81   Thumb Code    10  tasks.o(i.vTaskSuspendAll)
    vTaskSwitchContext                       0x08007d91   Thumb Code    82  tasks.o(i.vTaskSwitchContext)
    xPortStartScheduler                      0x08007ded   Thumb Code   154  port.o(i.xPortStartScheduler)
    xPortSysTickHandler                      0x08007e95   Thumb Code    38  port.o(i.xPortSysTickHandler)
    xQueueGenericCreate                      0x08007ec1   Thumb Code    72  queue.o(i.xQueueGenericCreate)
    xQueueGenericCreateStatic                0x08007f09   Thumb Code   102  queue.o(i.xQueueGenericCreateStatic)
    xQueueGenericReset                       0x08007f71   Thumb Code   132  queue.o(i.xQueueGenericReset)
    xTaskCreate                              0x08007ff9   Thumb Code    90  tasks.o(i.xTaskCreate)
    xTaskCreateStatic                        0x08008053   Thumb Code    86  tasks.o(i.xTaskCreateStatic)
    xTaskGetSchedulerState                   0x080080a9   Thumb Code    22  tasks.o(i.xTaskGetSchedulerState)
    xTaskIncrementTick                       0x080080c5   Thumb Code   192  tasks.o(i.xTaskIncrementTick)
    xTaskRemoveFromEventList                 0x0800818d   Thumb Code   108  tasks.o(i.xTaskRemoveFromEventList)
    xTaskResumeAll                           0x08008201   Thumb Code   182  tasks.o(i.xTaskResumeAll)
    F6x8                                     0x080082c4   Data         552  display.o(.constdata)
    F8X16                                    0x080084ec   Data        1520  display.o(.constdata)
    controller_parameter                     0x08008adc   Data          60  pid.o(.constdata)
    AHBPrescTable                            0x08008be0   Data          16  system_stm32f1xx.o(.constdata)
    APBPrescTable                            0x08008bf0   Data           8  system_stm32f1xx.o(.constdata)
    __mathlib_zero                           0x08008ce0   Data           8  qnan.o(.constdata)
    __ctype_categories                       0x08008ce8   Data          64  ctype_c.o(.constdata)
    Region$$Table$$Base                      0x08008ddc   Number         0  anon$$obj.o(Region$$Table)
    Region$$Table$$Limit                     0x08008dfc   Number         0  anon$$obj.o(Region$$Table)
    acc_raw                                  0x20000000   Data           6  mpu6050.o(.data)
    gyro_raw                                 0x20000006   Data           6  mpu6050.o(.data)
    gyro_30hz_parameter                      0x2000000c   Data          24  mpu6050.o(.data)
    acc_5hz_parameter                        0x20000024   Data          24  mpu6050.o(.data)
    q0                                       0x2000003c   Data           4  imu.o(.data)
    q1                                       0x20000040   Data           4  imu.o(.data)
    q2                                       0x20000044   Data           4  imu.o(.data)
    q3                                       0x20000048   Data           4  imu.o(.data)
    exInt                                    0x2000004c   Data           4  imu.o(.data)
    eyInt                                    0x20000050   Data           4  imu.o(.data)
    ezInt                                    0x20000054   Data           4  imu.o(.data)
    encoderINFO                              0x20000060   Data           8  encoder.o(.data)
    Motor1                                   0x20000070   Data           4  controller.o(.data)
    BluetoothParseMsg                        0x20000078   Data          12  bluetooth.o(.data)
    ultrasonic                               0x20000088   Data          16  ultrasonic.o(.data)
    defaultTaskHandle                        0x20000098   Data           4  freertos.o(.data)
    SensorSampleTaskHandle                   0x2000009c   Data           4  freertos.o(.data)
    ScatteredTaskHandle                      0x200000a0   Data           4  freertos.o(.data)
    DebugTransferTaskHandle                  0x200000a4   Data           4  freertos.o(.data)
    BluetoothTransferTaskHandle              0x200000a8   Data           4  freertos.o(.data)
    ControllerTaskHandle                     0x200000ac   Data           4  freertos.o(.data)
    MpuSensorQueueHandle                     0x200000b0   Data           4  freertos.o(.data)
    EncoderQueueHandle                       0x200000b4   Data           4  freertos.o(.data)
    adcINFO                                  0x200000b8   Data           8  adc.o(.data)
    uwTickFreq                               0x200000c0   Data           1  stm32f1xx_hal.o(.data)
    uwTickPrio                               0x200000c4   Data           4  stm32f1xx_hal.o(.data)
    uwTick                                   0x200000c8   Data           4  stm32f1xx_hal.o(.data)
    SystemCoreClock                          0x200000cc   Data           4  system_stm32f1xx.o(.data)
    pxCurrentTCB                             0x200000d0   Data           4  tasks.o(.data)
    __stdout                                 0x20000134   Data           4  stdout.o(.data)
    run_led                                  0x2000013c   Data          12  led.o(.bss)
    gyro_raw_cal                             0x20000148   Data          12  mpu6050.o(.bss)
    acc_raw_f                                0x20000154   Data          12  mpu6050.o(.bss)
    gyro_raw_f                               0x20000160   Data          12  mpu6050.o(.bss)
    gyro_offset                              0x2000016c   Data          12  mpu6050.o(.bss)
    CalGyro                                  0x20000178   Data          64  mpu6050.o(.bss)
    gyro_butter_data                         0x200001b8   Data          72  mpu6050.o(.bss)
    acc_butter_data                          0x20000200   Data          72  mpu6050.o(.bss)
    acc_att_lpf                              0x20000248   Data          12  mpu6050.o(.bss)
    Mpu                                      0x20000254   Data          44  mpu6050.o(.bss)
    Mat                                      0x20000280   Data          72  imu.o(.bss)
    att                                      0x200002c8   Data          36  imu.o(.bss)
    f                                        0x2000032e   Data          13  ano.o(.bss)
    data_to_send                             0x2000033b   Data         100  ano.o(.bss)
    all                                      0x200003a0   Data         132  pid.o(.bss)
    ADC_ConvertedValue                       0x20000588   Data          40  adc.o(.bss)
    hadc1                                    0x200005b0   Data          48  adc.o(.bss)
    hdma_adc1                                0x200005e0   Data          68  adc.o(.bss)
    htim1                                    0x20000624   Data          72  tim.o(.bss)
    htim2                                    0x2000066c   Data          72  tim.o(.bss)
    htim3                                    0x200006b4   Data          72  tim.o(.bss)
    htim4                                    0x200006fc   Data          72  tim.o(.bss)
    Usart1_Str                               0x20000744   Data         410  usart.o(.bss)
    Usart2_Str                               0x200008de   Data         410  usart.o(.bss)
    huart1                                   0x20000a78   Data          68  usart.o(.bss)
    huart2                                   0x20000abc   Data          68  usart.o(.bss)
    hdma_usart1_tx                           0x20000b00   Data          68  usart.o(.bss)
    hdma_usart1_rx                           0x20000b44   Data          68  usart.o(.bss)
    hdma_usart2_tx                           0x20000b88   Data          68  usart.o(.bss)
    hdma_usart2_rx                           0x20000bcc   Data          68  usart.o(.bss)
    pFlash                                   0x20000c10   Data          32  stm32f1xx_hal_flash.o(.bss)
    __initial_sp                             0x20002120   Data           0  startup_stm32f103xb.o(STACK)



==============================================================================

Memory Map of the image

  Image Entry point : 0x080000ed

  Load Region LR_IROM1 (Base: 0x08000000, Size: 0x00008f38, Max: 0x00010000, ABSOLUTE, COMPRESSED[0x00008e40])

    Execution Region ER_IROM1 (Exec base: 0x08000000, Load base: 0x08000000, Size: 0x00008dfc, Max: 0x00010000, ABSOLUTE)

    Exec Addr    Load Addr    Size         Type   Attr      Idx    E Section Name        Object

    0x08000000   0x08000000   0x000000ec   Data   RO            3    RESET               startup_stm32f103xb.o
    0x080000ec   0x080000ec   0x00000000   Code   RO         5623  * .ARM.Collect$$$$00000000  mc_w.l(entry.o)
    0x080000ec   0x080000ec   0x00000004   Code   RO         5970    .ARM.Collect$$$$00000001  mc_w.l(entry2.o)
    0x080000f0   0x080000f0   0x00000004   Code   RO         5973    .ARM.Collect$$$$00000004  mc_w.l(entry5.o)
    0x080000f4   0x080000f4   0x00000000   Code   RO         5975    .ARM.Collect$$$$00000008  mc_w.l(entry7b.o)
    0x080000f4   0x080000f4   0x00000000   Code   RO         5977    .ARM.Collect$$$$0000000A  mc_w.l(entry8b.o)
    0x080000f4   0x080000f4   0x00000008   Code   RO         5978    .ARM.Collect$$$$0000000B  mc_w.l(entry9a.o)
    0x080000fc   0x080000fc   0x00000000   Code   RO         5980    .ARM.Collect$$$$0000000D  mc_w.l(entry10a.o)
    0x080000fc   0x080000fc   0x00000000   Code   RO         5982    .ARM.Collect$$$$0000000F  mc_w.l(entry11a.o)
    0x080000fc   0x080000fc   0x00000004   Code   RO         5971    .ARM.Collect$$$$00002712  mc_w.l(entry2.o)
    0x08000100   0x08000100   0x00000096   Code   RO         5524    .emb_text           port.o
    0x08000196   0x08000196   0x00000002   PAD
    0x08000198   0x08000198   0x00000024   Code   RO            4    .text               startup_stm32f103xb.o
    0x080001bc   0x080001bc   0x00000020   Code   RO         5626    .text               mc_w.l(llushr.o)
    0x080001dc   0x080001dc   0x00000024   Code   RO         5628    .text               mc_w.l(memcpya.o)
    0x08000200   0x08000200   0x00000024   Code   RO         5632    .text               mc_w.l(memseta.o)
    0x08000224   0x08000224   0x00000044   Code   RO         5634    .text               mc_w.l(strtok.o)
    0x08000268   0x08000268   0x000000b0   Code   RO         5903    .text               mf_w.l(fadd.o)
    0x08000318   0x08000318   0x00000064   Code   RO         5905    .text               mf_w.l(fmul.o)
    0x0800037c   0x0800037c   0x0000007c   Code   RO         5907    .text               mf_w.l(fdiv.o)
    0x080003f8   0x080003f8   0x00000018   Code   RO         5909    .text               mf_w.l(fscalb.o)
    0x08000410   0x08000410   0x000000e4   Code   RO         5911    .text               mf_w.l(dmul.o)
    0x080004f4   0x080004f4   0x00000012   Code   RO         5913    .text               mf_w.l(fflti.o)
    0x08000506   0x08000506   0x0000000a   Code   RO         5915    .text               mf_w.l(ffltui.o)
    0x08000510   0x08000510   0x00000032   Code   RO         5917    .text               mf_w.l(ffixi.o)
    0x08000542   0x08000542   0x00000028   Code   RO         5919    .text               mf_w.l(ffixui.o)
    0x0800056a   0x0800056a   0x0000003e   Code   RO         5921    .text               mf_w.l(dfixi.o)
    0x080005a8   0x080005a8   0x00000032   Code   RO         5923    .text               mf_w.l(dfixui.o)
    0x080005da   0x080005da   0x00000026   Code   RO         5925    .text               mf_w.l(f2d.o)
    0x08000600   0x08000600   0x00000038   Code   RO         5927    .text               mf_w.l(d2f.o)
    0x08000638   0x08000638   0x00000014   Code   RO         5929    .text               mf_w.l(cfcmple.o)
    0x0800064c   0x0800064c   0x00000014   Code   RO         5931    .text               mf_w.l(cfrcmple.o)
    0x08000660   0x08000660   0x0000002c   Code   RO         5985    .text               mc_w.l(uidiv.o)
    0x0800068c   0x0800068c   0x00000062   Code   RO         5987    .text               mc_w.l(uldiv.o)
    0x080006ee   0x080006ee   0x00000002   PAD
    0x080006f0   0x080006f0   0x0000009c   Code   RO         5996    .text               mc_w.l(strtod.o)
    0x0800078c   0x0800078c   0x00000000   Code   RO         5998    .text               mc_w.l(iusefp.o)
    0x0800078c   0x0800078c   0x0000006e   Code   RO         5999    .text               mf_w.l(fepilogue.o)
    0x080007fa   0x080007fa   0x000000ba   Code   RO         6001    .text               mf_w.l(depilogue.o)
    0x080008b4   0x080008b4   0x0000014e   Code   RO         6003    .text               mf_w.l(dadd.o)
    0x08000a02   0x08000a02   0x000000de   Code   RO         6005    .text               mf_w.l(ddiv.o)
    0x08000ae0   0x08000ae0   0x0000002e   Code   RO         6007    .text               mf_w.l(dscalb.o)
    0x08000b0e   0x08000b0e   0x00000030   Code   RO         6009    .text               mf_w.l(dfixul.o)
    0x08000b3e   0x08000b3e   0x00000002   PAD
    0x08000b40   0x08000b40   0x00000030   Code   RO         6011    .text               mf_w.l(cdrcmple.o)
    0x08000b70   0x08000b70   0x00000024   Code   RO         6013    .text               mc_w.l(init.o)
    0x08000b94   0x08000b94   0x0000001e   Code   RO         6015    .text               mc_w.l(llshl.o)
    0x08000bb2   0x08000bb2   0x00000024   Code   RO         6017    .text               mc_w.l(llsshr.o)
    0x08000bd6   0x08000bd6   0x0000000a   Code   RO         6019    .text               mc_w.l(isspace_c.o)
    0x08000be0   0x08000be0   0x00000360   Code   RO         6021    .text               mc_w.l(scanf_fp.o)
    0x08000f40   0x08000f40   0x00000040   Code   RO         6025    .text               mc_w.l(_sgetc.o)
    0x08000f80   0x08000f80   0x000000a2   Code   RO         6027    .text               mf_w.l(dsqrt.o)
    0x08001022   0x08001022   0x00000002   PAD
    0x08001024   0x08001024   0x00000028   Code   RO         6031    .text               mc_w.l(ctype_c.o)
    0x0800104c   0x0800104c   0x00000018   Code   RO         6034    .text               mf_w.l(dfltul.o)
    0x08001064   0x08001064   0x00000056   Code   RO         6044    .text               mc_w.l(__dczerorl2.o)
    0x080010ba   0x080010ba   0x00000002   PAD
    0x080010bc   0x080010bc   0x00000056   Code   RO         1718    i.ADC_ConversionStop_Disable  stm32f1xx_hal_adc.o
    0x08001112   0x08001112   0x0000004e   Code   RO         1719    i.ADC_DMAConvCplt   stm32f1xx_hal_adc.o
    0x08001160   0x08001160   0x0000001a   Code   RO         1720    i.ADC_DMAError      stm32f1xx_hal_adc.o
    0x0800117a   0x0800117a   0x0000000a   Code   RO         1721    i.ADC_DMAHalfConvCplt  stm32f1xx_hal_adc.o
    0x08001184   0x08001184   0x0000007c   Code   RO         1722    i.ADC_Enable        stm32f1xx_hal_adc.o
    0x08001200   0x08001200   0x00000138   Code   RO          625    i.ANO_DMA_SEND_DATA  ano.o
    0x08001338   0x08001338   0x000000c8   Code   RO          626    i.ANO_DT_Data_Receive_Anl  ano.o
    0x08001400   0x08001400   0x00000034   Code   RO          628    i.ANO_DT_Send_Check  ano.o
    0x08001434   0x08001434   0x00000034   Code   RO          629    i.ANO_DT_Send_MSG   ano.o
    0x08001468   0x08001468   0x0000007c   Code   RO          630    i.ANO_DT_Send_Power  ano.o
    0x080014e4   0x080014e4   0x000000b0   Code   RO          631    i.ANO_DT_Send_RCData  ano.o
    0x08001594   0x08001594   0x000000d4   Code   RO          632    i.ANO_DT_Send_Senser  ano.o
    0x08001668   0x08001668   0x000000c0   Code   RO          633    i.ANO_DT_Send_Status  ano.o
    0x08001728   0x08001728   0x0000019c   Code   RO          634    i.ANO_DT_Send_User  ano.o
    0x080018c4   0x080018c4   0x00000034   Code   RO         1038    i.Bluetooth_RecvData  bluetooth.o
    0x080018f8   0x080018f8   0x00000002   Code   RO         1540    i.BusFault_Handler  stm32f1xx_it.o
    0x080018fa   0x080018fa   0x00000002   PAD
    0x080018fc   0x080018fc   0x00000020   Code   RO          950    i.CarBackward       controller.o
    0x0800191c   0x0800191c   0x00000020   Code   RO          951    i.CargoForward      controller.o
    0x0800193c   0x0800193c   0x00000038   Code   RO          729    i.DISplayIIC_Start  display.o
    0x08001974   0x08001974   0x0000002c   Code   RO          730    i.DISplayIIC_Stop   display.o
    0x080019a0   0x080019a0   0x00000024   Code   RO          731    i.DISplayIIC_Wait_Ack  display.o
    0x080019c4   0x080019c4   0x0000005c   Code   RO          732    i.DISplayWrite_IIC_Byte  display.o
    0x08001a20   0x08001a20   0x0000002e   Code   RO          733    i.DISplayWrite_IIC_Command  display.o
    0x08001a4e   0x08001a4e   0x0000002e   Code   RO          734    i.DISplayWrite_IIC_Data  display.o
    0x08001a7c   0x08001a7c   0x0000003a   Code   RO          735    i.DISplay_Clear     display.o
    0x08001ab6   0x08001ab6   0x000000e4   Code   RO          739    i.DISplay_Init      display.o
    0x08001b9a   0x08001b9a   0x0000002a   Code   RO          741    i.DISplay_Set_Pos   display.o
    0x08001bc4   0x08001bc4   0x00000088   Code   RO          743    i.DISplay_ShowChar  display.o
    0x08001c4c   0x08001c4c   0x000000f0   Code   RO          744    i.DISplay_ShowFolatNum  display.o
    0x08001d3c   0x08001d3c   0x00000036   Code   RO          746    i.DISplay_ShowString  display.o
    0x08001d72   0x08001d72   0x0000000c   Code   RO          747    i.DISplay_WR_Byte   display.o
    0x08001d7e   0x08001d7e   0x00000010   Code   RO          748    i.DISplay_pow       display.o
    0x08001d8e   0x08001d8e   0x00000002   PAD
    0x08001d90   0x08001d90   0x0000000c   Code   RO         1541    i.DMA1_Channel1_IRQHandler  stm32f1xx_it.o
    0x08001d9c   0x08001d9c   0x0000000c   Code   RO         1542    i.DMA1_Channel4_IRQHandler  stm32f1xx_it.o
    0x08001da8   0x08001da8   0x0000000c   Code   RO         1543    i.DMA1_Channel5_IRQHandler  stm32f1xx_it.o
    0x08001db4   0x08001db4   0x0000000c   Code   RO         1544    i.DMA1_Channel6_IRQHandler  stm32f1xx_it.o
    0x08001dc0   0x08001dc0   0x0000000c   Code   RO         1545    i.DMA1_Channel7_IRQHandler  stm32f1xx_it.o
    0x08001dcc   0x08001dcc   0x0000002a   Code   RO         2372    i.DMA_SetConfig     stm32f1xx_hal_dma.o
    0x08001df6   0x08001df6   0x00000002   Code   RO         1546    i.DebugMon_Handler  stm32f1xx_it.o
    0x08001df8   0x08001df8   0x00000010   Code   RO          952    i.DisableAuxMotor   controller.o
    0x08001e08   0x08001e08   0x00000008   Code   RO         1547    i.EXTI15_10_IRQHandler  stm32f1xx_it.o
    0x08001e10   0x08001e10   0x00000010   Code   RO          953    i.EnableAuxMotor    controller.o
    0x08001e20   0x08001e20   0x00000004   Code   RO         1156    i.Error_Handler     main.o
    0x08001e24   0x08001e24   0x00000024   Code   RO         2812    i.FLASH_MassErase   stm32f1xx_hal_flash_ex.o
    0x08001e48   0x08001e48   0x00000024   Code   RO         2817    i.FLASH_PageErase   stm32f1xx_hal_flash_ex.o
    0x08001e6c   0x08001e6c   0x0000001c   Code   RO         2709    i.FLASH_Program_HalfWord  stm32f1xx_hal_flash.o
    0x08001e88   0x08001e88   0x0000001a   Code   RO          571    i.FLASH_ReadFloatData  flash.o
    0x08001ea2   0x08001ea2   0x00000002   PAD
    0x08001ea4   0x08001ea4   0x0000005c   Code   RO         2710    i.FLASH_SetErrorCode  stm32f1xx_hal_flash.o
    0x08001f00   0x08001f00   0x00000054   Code   RO         2711    i.FLASH_WaitForLastOperation  stm32f1xx_hal_flash.o
    0x08001f54   0x08001f54   0x00000010   Code   RO          573    i.FLASH_WriteThreeFloatData  flash.o
    0x08001f64   0x08001f64   0x0000009c   Code   RO          574    i.FLASH_WriteWordData  flash.o
    0x08002000   0x08002000   0x00000038   Code   RO          494    i.FloatComparison   imath.o
    0x08002038   0x08002038   0x000000fc   Code   RO         1724    i.HAL_ADC_ConfigChannel  stm32f1xx_hal_adc.o
    0x08002134   0x08002134   0x00000002   Code   RO         1725    i.HAL_ADC_ConvCpltCallback  stm32f1xx_hal_adc.o
    0x08002136   0x08002136   0x00000002   Code   RO         1726    i.HAL_ADC_ConvHalfCpltCallback  stm32f1xx_hal_adc.o
    0x08002138   0x08002138   0x00000002   Code   RO         1728    i.HAL_ADC_ErrorCallback  stm32f1xx_hal_adc.o
    0x0800213a   0x0800213a   0x00000002   PAD
    0x0800213c   0x0800213c   0x0000011c   Code   RO         1733    i.HAL_ADC_Init      stm32f1xx_hal_adc.o
    0x08002258   0x08002258   0x00000090   Code   RO         1306    i.HAL_ADC_MspInit   adc.o
    0x080022e8   0x080022e8   0x0000010c   Code   RO         1740    i.HAL_ADC_Start_DMA  stm32f1xx_hal_adc.o
    0x080023f4   0x080023f4   0x00000046   Code   RO         2373    i.HAL_DMA_Abort     stm32f1xx_hal_dma.o
    0x0800243a   0x0800243a   0x00000002   PAD
    0x0800243c   0x0800243c   0x00000098   Code   RO         2374    i.HAL_DMA_Abort_IT  stm32f1xx_hal_dma.o
    0x080024d4   0x080024d4   0x00000154   Code   RO         2378    i.HAL_DMA_IRQHandler  stm32f1xx_hal_dma.o
    0x08002628   0x08002628   0x0000005c   Code   RO         2379    i.HAL_DMA_Init      stm32f1xx_hal_dma.o
    0x08002684   0x08002684   0x00000070   Code   RO         2383    i.HAL_DMA_Start_IT  stm32f1xx_hal_dma.o
    0x080026f4   0x080026f4   0x000000a8   Code   RO         2818    i.HAL_FLASHEx_Erase  stm32f1xx_hal_flash_ex.o
    0x0800279c   0x0800279c   0x00000014   Code   RO         2715    i.HAL_FLASH_Lock    stm32f1xx_hal_flash.o
    0x080027b0   0x080027b0   0x00000080   Code   RO         2720    i.HAL_FLASH_Program  stm32f1xx_hal_flash.o
    0x08002830   0x08002830   0x00000028   Code   RO         2722    i.HAL_FLASH_Unlock  stm32f1xx_hal_flash.o
    0x08002858   0x08002858   0x00000088   Code   RO         1111    i.HAL_GPIO_EXTI_Callback  ultrasonic.o
    0x080028e0   0x080028e0   0x00000018   Code   RO         2308    i.HAL_GPIO_EXTI_IRQHandler  stm32f1xx_hal_gpio.o
    0x080028f8   0x080028f8   0x000001e0   Code   RO         2309    i.HAL_GPIO_Init     stm32f1xx_hal_gpio.o
    0x08002ad8   0x08002ad8   0x0000000a   Code   RO         2311    i.HAL_GPIO_ReadPin  stm32f1xx_hal_gpio.o
    0x08002ae2   0x08002ae2   0x00000010   Code   RO         2312    i.HAL_GPIO_TogglePin  stm32f1xx_hal_gpio.o
    0x08002af2   0x08002af2   0x0000000a   Code   RO         2313    i.HAL_GPIO_WritePin  stm32f1xx_hal_gpio.o
    0x08002afc   0x08002afc   0x0000000c   Code   RO         2005    i.HAL_GetTick       stm32f1xx_hal.o
    0x08002b08   0x08002b08   0x00000010   Code   RO         2011    i.HAL_IncTick       stm32f1xx_hal.o
    0x08002b18   0x08002b18   0x00000024   Code   RO         2012    i.HAL_Init          stm32f1xx_hal.o
    0x08002b3c   0x08002b3c   0x00000040   Code   RO         2013    i.HAL_InitTick      stm32f1xx_hal.o
    0x08002b7c   0x08002b7c   0x00000048   Code   RO         1658    i.HAL_MspInit       stm32f1xx_hal_msp.o
    0x08002bc4   0x08002bc4   0x0000001a   Code   RO         2469    i.HAL_NVIC_EnableIRQ  stm32f1xx_hal_cortex.o
    0x08002bde   0x08002bde   0x00000002   PAD
    0x08002be0   0x08002be0   0x00000040   Code   RO         2475    i.HAL_NVIC_SetPriority  stm32f1xx_hal_cortex.o
    0x08002c20   0x08002c20   0x00000024   Code   RO         2476    i.HAL_NVIC_SetPriorityGrouping  stm32f1xx_hal_cortex.o
    0x08002c44   0x08002c44   0x000000ec   Code   RO         2272    i.HAL_RCCEx_PeriphCLKConfig  stm32f1xx_hal_rcc_ex.o
    0x08002d30   0x08002d30   0x00000002   Code   RO         2168    i.HAL_RCC_CSSCallback  stm32f1xx_hal_rcc.o
    0x08002d32   0x08002d32   0x00000002   PAD
    0x08002d34   0x08002d34   0x0000012c   Code   RO         2169    i.HAL_RCC_ClockConfig  stm32f1xx_hal_rcc.o
    0x08002e60   0x08002e60   0x0000000c   Code   RO         2172    i.HAL_RCC_EnableCSS  stm32f1xx_hal_rcc.o
    0x08002e6c   0x08002e6c   0x00000020   Code   RO         2176    i.HAL_RCC_GetPCLK1Freq  stm32f1xx_hal_rcc.o
    0x08002e8c   0x08002e8c   0x00000020   Code   RO         2177    i.HAL_RCC_GetPCLK2Freq  stm32f1xx_hal_rcc.o
    0x08002eac   0x08002eac   0x0000006c   Code   RO         2178    i.HAL_RCC_GetSysClockFreq  stm32f1xx_hal_rcc.o
    0x08002f18   0x08002f18   0x00000018   Code   RO         2180    i.HAL_RCC_NMI_IRQHandler  stm32f1xx_hal_rcc.o
    0x08002f30   0x08002f30   0x00000320   Code   RO         2181    i.HAL_RCC_OscConfig  stm32f1xx_hal_rcc.o
    0x08003250   0x08003250   0x00000028   Code   RO         2480    i.HAL_SYSTICK_Config  stm32f1xx_hal_cortex.o
    0x08003278   0x08003278   0x00000002   Code   RO         3675    i.HAL_TIMEx_BreakCallback  stm32f1xx_hal_tim_ex.o
    0x0800327a   0x0800327a   0x00000002   Code   RO         3676    i.HAL_TIMEx_CommutCallback  stm32f1xx_hal_tim_ex.o
    0x0800327c   0x0800327c   0x00000054   Code   RO         3678    i.HAL_TIMEx_ConfigBreakDeadTime  stm32f1xx_hal_tim_ex.o
    0x080032d0   0x080032d0   0x00000068   Code   RO         3694    i.HAL_TIMEx_MasterConfigSynchronization  stm32f1xx_hal_tim_ex.o
    0x08003338   0x08003338   0x0000005a   Code   RO         2971    i.HAL_TIM_Base_Init  stm32f1xx_hal_tim.o
    0x08003392   0x08003392   0x00000002   PAD
    0x08003394   0x08003394   0x0000003c   Code   RO         1379    i.HAL_TIM_Base_MspInit  tim.o
    0x080033d0   0x080033d0   0x00000058   Code   RO         2976    i.HAL_TIM_Base_Start_IT  stm32f1xx_hal_tim.o
    0x08003428   0x08003428   0x00000030   Code   RO         2979    i.HAL_TIM_Base_Stop_IT  stm32f1xx_hal_tim.o
    0x08003458   0x08003458   0x000000d6   Code   RO         2980    i.HAL_TIM_ConfigClockSource  stm32f1xx_hal_tim.o
    0x0800352e   0x0800352e   0x000000a4   Code   RO         2992    i.HAL_TIM_Encoder_Init  stm32f1xx_hal_tim.o
    0x080035d2   0x080035d2   0x00000002   PAD
    0x080035d4   0x080035d4   0x00000050   Code   RO         1381    i.HAL_TIM_Encoder_MspInit  tim.o
    0x08003624   0x08003624   0x0000008e   Code   RO         2995    i.HAL_TIM_Encoder_Start  stm32f1xx_hal_tim.o
    0x080036b2   0x080036b2   0x00000002   Code   RO         3005    i.HAL_TIM_IC_CaptureCallback  stm32f1xx_hal_tim.o
    0x080036b4   0x080036b4   0x00000166   Code   RO         3019    i.HAL_TIM_IRQHandler  stm32f1xx_hal_tim.o
    0x0800381a   0x0800381a   0x00000002   PAD
    0x0800381c   0x0800381c   0x00000068   Code   RO         1382    i.HAL_TIM_MspPostInit  tim.o
    0x08003884   0x08003884   0x00000002   Code   RO         3022    i.HAL_TIM_OC_DelayElapsedCallback  stm32f1xx_hal_tim.o
    0x08003886   0x08003886   0x000000c6   Code   RO         3043    i.HAL_TIM_PWM_ConfigChannel  stm32f1xx_hal_tim.o
    0x0800394c   0x0800394c   0x0000005a   Code   RO         3046    i.HAL_TIM_PWM_Init  stm32f1xx_hal_tim.o
    0x080039a6   0x080039a6   0x00000002   PAD
    0x080039a8   0x080039a8   0x00000040   Code   RO         1384    i.HAL_TIM_PWM_MspInit  tim.o
    0x080039e8   0x080039e8   0x00000002   Code   RO         3049    i.HAL_TIM_PWM_PulseFinishedCallback  stm32f1xx_hal_tim.o
    0x080039ea   0x080039ea   0x00000002   PAD
    0x080039ec   0x080039ec   0x0000009c   Code   RO         3051    i.HAL_TIM_PWM_Start  stm32f1xx_hal_tim.o
    0x08003a88   0x08003a88   0x00000002   Code   RO         3057    i.HAL_TIM_PeriodElapsedCallback  stm32f1xx_hal_tim.o
    0x08003a8a   0x08003a8a   0x00000002   Code   RO         3062    i.HAL_TIM_TriggerCallback  stm32f1xx_hal_tim.o
    0x08003a8c   0x08003a8c   0x00000002   Code   RO         3953    i.HAL_UARTEx_RxEventCallback  stm32f1xx_hal_uart.o
    0x08003a8e   0x08003a8e   0x00000058   Code   RO         3965    i.HAL_UART_DMAStop  stm32f1xx_hal_uart.o
    0x08003ae6   0x08003ae6   0x00000002   Code   RO         3967    i.HAL_UART_ErrorCallback  stm32f1xx_hal_uart.o
    0x08003ae8   0x08003ae8   0x0000020c   Code   RO         3970    i.HAL_UART_IRQHandler  stm32f1xx_hal_uart.o
    0x08003cf4   0x08003cf4   0x00000062   Code   RO         3971    i.HAL_UART_Init     stm32f1xx_hal_uart.o
    0x08003d56   0x08003d56   0x00000002   PAD
    0x08003d58   0x08003d58   0x00000198   Code   RO         1469    i.HAL_UART_MspInit  usart.o
    0x08003ef0   0x08003ef0   0x0000002a   Code   RO         3975    i.HAL_UART_Receive_DMA  stm32f1xx_hal_uart.o
    0x08003f1a   0x08003f1a   0x00000002   Code   RO         3977    i.HAL_UART_RxCpltCallback  stm32f1xx_hal_uart.o
    0x08003f1c   0x08003f1c   0x00000002   Code   RO         3978    i.HAL_UART_RxHalfCpltCallback  stm32f1xx_hal_uart.o
    0x08003f1e   0x08003f1e   0x00000002   PAD
    0x08003f20   0x08003f20   0x000000b2   Code   RO         3979    i.HAL_UART_Transmit  stm32f1xx_hal_uart.o
    0x08003fd2   0x08003fd2   0x00000002   PAD
    0x08003fd4   0x08003fd4   0x00000080   Code   RO         3980    i.HAL_UART_Transmit_DMA  stm32f1xx_hal_uart.o
    0x08004054   0x08004054   0x00000002   Code   RO         3982    i.HAL_UART_TxCpltCallback  stm32f1xx_hal_uart.o
    0x08004056   0x08004056   0x00000002   Code   RO         3983    i.HAL_UART_TxHalfCpltCallback  stm32f1xx_hal_uart.o
    0x08004058   0x08004058   0x00000002   Code   RO         1548    i.HardFault_Handler  stm32f1xx_it.o
    0x0800405a   0x0800405a   0x00000002   PAD
    0x0800405c   0x0800405c   0x0000004c   Code   RO          349    i.IIC_Read_Byte     soft_iic.o
    0x080040a8   0x080040a8   0x00000034   Code   RO          350    i.IIC_Read_One_Byte  soft_iic.o
    0x080040dc   0x080040dc   0x00000060   Code   RO          352    i.IIC_Send_Byte     soft_iic.o
    0x0800413c   0x0800413c   0x00000064   Code   RO          353    i.IIC_Slave_Ack     soft_iic.o
    0x080041a0   0x080041a0   0x00000038   Code   RO          354    i.IIC_Start         soft_iic.o
    0x080041d8   0x080041d8   0x00000048   Code   RO          355    i.IIC_Stop          soft_iic.o
    0x08004220   0x08004220   0x00000026   Code   RO          356    i.IIC_Write_One_Byte  soft_iic.o
    0x08004246   0x08004246   0x0000000e   Code   RO          357    i.IIC_delay         soft_iic.o
    0x08004254   0x08004254   0x00000028   Code   RO          151    i.MPU6050ReadAcc    mpu6050.o
    0x0800427c   0x0800427c   0x00000028   Code   RO          152    i.MPU6050ReadGyro   mpu6050.o
    0x080042a4   0x080042a4   0x0000004c   Code   RO          153    i.MPU6050ReadID     mpu6050.o
    0x080042f0   0x080042f0   0x00000028   Code   RO          154    i.MPU6050_ReadData  mpu6050.o
    0x08004318   0x08004318   0x0000000a   Code   RO          155    i.MPU6050_WriteReg  mpu6050.o
    0x08004322   0x08004322   0x00000002   PAD
    0x08004324   0x08004324   0x0000005c   Code   RO         1307    i.MX_ADC1_Init      adc.o
    0x08004380   0x08004380   0x0000006c   Code   RO         1354    i.MX_DMA_Init       dma.o
    0x080043ec   0x080043ec   0x000000c4   Code   RO         1233    i.MX_FREERTOS_Init  freertos.o
    0x080044b0   0x080044b0   0x0000011c   Code   RO         1209    i.MX_GPIO_Init      gpio.o
    0x080045cc   0x080045cc   0x000000a0   Code   RO         1385    i.MX_TIM1_Init      tim.o
    0x0800466c   0x0800466c   0x00000070   Code   RO         1386    i.MX_TIM2_Init      tim.o
    0x080046dc   0x080046dc   0x00000084   Code   RO         1387    i.MX_TIM3_Init      tim.o
    0x08004760   0x08004760   0x0000006c   Code   RO         1388    i.MX_TIM4_Init      tim.o
    0x080047cc   0x080047cc   0x00000050   Code   RO         1470    i.MX_USART1_UART_Init  usart.o
    0x0800481c   0x0800481c   0x00000050   Code   RO         1471    i.MX_USART2_UART_Init  usart.o
    0x0800486c   0x0800486c   0x0000000e   Code   RO          437    i.Matrix_ready      imu.o
    0x0800487a   0x0800487a   0x00000002   Code   RO         1549    i.MemManage_Handler  stm32f1xx_it.o
    0x0800487c   0x0800487c   0x00000006   Code   RO         1550    i.NMI_Handler       stm32f1xx_it.o
    0x08004882   0x08004882   0x00000002   PAD
    0x08004884   0x08004884   0x000000ec   Code   RO         1039    i.ParseBluetoothMessage  bluetooth.o
    0x08004970   0x08004970   0x00000020   Code   RO          358    i.SDA_IN            soft_iic.o
    0x08004990   0x08004990   0x00000020   Code   RO          359    i.SDA_OUT           soft_iic.o
    0x080049b0   0x080049b0   0x00000010   Code   RO         1234    i.StartBluetoothTransferTask  freertos.o
    0x080049c0   0x080049c0   0x0000000c   Code   RO         1235    i.StartControllerTask  freertos.o
    0x080049cc   0x080049cc   0x00000010   Code   RO         1236    i.StartDebugTransferTask  freertos.o
    0x080049dc   0x080049dc   0x00000058   Code   RO         1237    i.StartDefaultTask  freertos.o
    0x08004a34   0x08004a34   0x00000110   Code   RO         1238    i.StartScatteredTask  freertos.o
    0x08004b44   0x08004b44   0x0000008c   Code   RO         1239    i.StartSensorSampleTask  freertos.o
    0x08004bd0   0x08004bd0   0x00000018   Code   RO         1551    i.SysTick_Handler   stm32f1xx_it.o
    0x08004be8   0x08004be8   0x0000007a   Code   RO         1157    i.SystemClock_Config  main.o
    0x08004c62   0x08004c62   0x00000002   Code   RO         4300    i.SystemInit        system_stm32f1xx.o
    0x08004c64   0x08004c64   0x0000001c   Code   RO         1552    i.TIM4_IRQHandler   stm32f1xx_it.o
    0x08004c80   0x08004c80   0x0000006c   Code   RO         3064    i.TIM_Base_SetConfig  stm32f1xx_hal_tim.o
    0x08004cec   0x08004cec   0x0000001a   Code   RO         3065    i.TIM_CCxChannelCmd  stm32f1xx_hal_tim.o
    0x08004d06   0x08004d06   0x00000014   Code   RO         3075    i.TIM_ETR_SetConfig  stm32f1xx_hal_tim.o
    0x08004d1a   0x08004d1a   0x00000010   Code   RO         3076    i.TIM_ITRx_SetConfig  stm32f1xx_hal_tim.o
    0x08004d2a   0x08004d2a   0x00000002   PAD
    0x08004d2c   0x08004d2c   0x00000050   Code   RO         3077    i.TIM_OC1_SetConfig  stm32f1xx_hal_tim.o
    0x08004d7c   0x08004d7c   0x00000058   Code   RO         3078    i.TIM_OC2_SetConfig  stm32f1xx_hal_tim.o
    0x08004dd4   0x08004dd4   0x00000058   Code   RO         3079    i.TIM_OC3_SetConfig  stm32f1xx_hal_tim.o
    0x08004e2c   0x08004e2c   0x00000044   Code   RO         3080    i.TIM_OC4_SetConfig  stm32f1xx_hal_tim.o
    0x08004e70   0x08004e70   0x00000022   Code   RO         3082    i.TIM_TI1_ConfigInputStage  stm32f1xx_hal_tim.o
    0x08004e92   0x08004e92   0x00000024   Code   RO         3084    i.TIM_TI2_ConfigInputStage  stm32f1xx_hal_tim.o
    0x08004eb6   0x08004eb6   0x00000002   PAD
    0x08004eb8   0x08004eb8   0x00000040   Code   RO          954    i.TurnLeftOrRight   controller.o
    0x08004ef8   0x08004ef8   0x00000010   Code   RO         3984    i.UART_DMAAbortOnError  stm32f1xx_hal_uart.o
    0x08004f08   0x08004f08   0x0000004a   Code   RO         3985    i.UART_DMAError     stm32f1xx_hal_uart.o
    0x08004f52   0x08004f52   0x0000005a   Code   RO         3986    i.UART_DMAReceiveCplt  stm32f1xx_hal_uart.o
    0x08004fac   0x08004fac   0x0000001a   Code   RO         3988    i.UART_DMARxHalfCplt  stm32f1xx_hal_uart.o
    0x08004fc6   0x08004fc6   0x0000002e   Code   RO         3990    i.UART_DMATransmitCplt  stm32f1xx_hal_uart.o
    0x08004ff4   0x08004ff4   0x0000000a   Code   RO         3992    i.UART_DMATxHalfCplt  stm32f1xx_hal_uart.o
    0x08004ffe   0x08004ffe   0x00000030   Code   RO         3994    i.UART_EndRxTransfer  stm32f1xx_hal_uart.o
    0x0800502e   0x0800502e   0x00000012   Code   RO         3995    i.UART_EndTxTransfer  stm32f1xx_hal_uart.o
    0x08005040   0x08005040   0x000000b6   Code   RO         3996    i.UART_Receive_IT   stm32f1xx_hal_uart.o
    0x080050f6   0x080050f6   0x00000002   PAD
    0x080050f8   0x080050f8   0x000000b8   Code   RO         3997    i.UART_SetConfig    stm32f1xx_hal_uart.o
    0x080051b0   0x080051b0   0x00000070   Code   RO         3998    i.UART_Start_Receive_DMA  stm32f1xx_hal_uart.o
    0x08005220   0x08005220   0x00000064   Code   RO         4000    i.UART_WaitOnFlagUntilTimeout  stm32f1xx_hal_uart.o
    0x08005284   0x08005284   0x00000050   Code   RO         1553    i.USART1_IRQHandler  stm32f1xx_it.o
    0x080052d4   0x080052d4   0x00000050   Code   RO         1554    i.USART2_IRQHandler  stm32f1xx_it.o
    0x08005324   0x08005324   0x00000094   Code   RO         1041    i.UploadMsg_MpuData  bluetooth.o
    0x080053b8   0x080053b8   0x00000002   Code   RO         1555    i.UsageFault_Handler  stm32f1xx_it.o
    0x080053ba   0x080053ba   0x00000002   PAD
    0x080053bc   0x080053bc   0x00000038   Code   RO         1472    i.Usart1_DMA_Sent   usart.o
    0x080053f4   0x080053f4   0x00000038   Code   RO         1043    i.Usart2_DMA_Sent   bluetooth.o
    0x0800542c   0x0800542c   0x00000030   Code   RO         1473    i.Usart_RecvData    usart.o
    0x0800545c   0x0800545c   0x00000020   Code   RO         5875    i.__0printf         mc_w.l(printfa.o)
    0x0800547c   0x0800547c   0x00000028   Code   RO         5877    i.__0sprintf        mc_w.l(printfa.o)
    0x080054a4   0x080054a4   0x00000028   Code   RO         5957    i.__ARM_fpclassify  m_ws.l(fpclassify.o)
    0x080054cc   0x080054cc   0x00000020   Code   RO         2482    i.__NVIC_SetPriority  stm32f1xx_hal_cortex.o
    0x080054ec   0x080054ec   0x000000aa   Code   RO         5959    i.__kernel_poly     m_ws.l(poly.o)
    0x08005596   0x08005596   0x00000006   Code   RO         5944    i.__mathlib_dbl_infnan  m_ws.l(dunder.o)
    0x0800559c   0x0800559c   0x00000004   Code   RO         5945    i.__mathlib_dbl_infnan2  m_ws.l(dunder.o)
    0x080055a0   0x080055a0   0x0000000c   Code   RO         5946    i.__mathlib_dbl_invalid  m_ws.l(dunder.o)
    0x080055ac   0x080055ac   0x00000010   Code   RO         5949    i.__mathlib_dbl_underflow  m_ws.l(dunder.o)
    0x080055bc   0x080055bc   0x0000000c   Code   RO         5990    i.__read_errno      mc_w.l(errno.o)
    0x080055c8   0x080055c8   0x0000000e   Code   RO         6038    i.__scatterload_copy  mc_w.l(handlers.o)
    0x080055d6   0x080055d6   0x00000002   Code   RO         6039    i.__scatterload_null  mc_w.l(handlers.o)
    0x080055d8   0x080055d8   0x0000000e   Code   RO         6040    i.__scatterload_zeroinit  mc_w.l(handlers.o)
    0x080055e6   0x080055e6   0x00000002   PAD
    0x080055e8   0x080055e8   0x0000000c   Code   RO         5991    i.__set_errno       mc_w.l(errno.o)
    0x080055f4   0x080055f4   0x000000f4   Code   RO          955    i._controller_output  controller.o
    0x080056e8   0x080056e8   0x00000058   Code   RO          956    i._controller_perform  controller.o
    0x08005740   0x08005740   0x00000184   Code   RO         5882    i._fp_digits        mc_w.l(printfa.o)
    0x080058c4   0x080058c4   0x0000000e   Code   RO         6023    i._is_digit         mc_w.l(scanf_fp.o)
    0x080058d2   0x080058d2   0x00000002   PAD
    0x080058d4   0x080058d4   0x000006dc   Code   RO         5883    i._printf_core      mc_w.l(printfa.o)
    0x08005fb0   0x08005fb0   0x00000024   Code   RO         5884    i._printf_post_padding  mc_w.l(printfa.o)
    0x08005fd4   0x08005fd4   0x0000002e   Code   RO         5885    i._printf_pre_padding  mc_w.l(printfa.o)
    0x08006002   0x08006002   0x0000000e   Code   RO          495    i._set_val          imath.o
    0x08006010   0x08006010   0x0000000a   Code   RO         5887    i._sputc            mc_w.l(printfa.o)
    0x0800601a   0x0800601a   0x00000056   Code   RO          157    i.acc_iir_lpf       mpu6050.o
    0x08006070   0x08006070   0x00000028   Code   RO          910    i.all_pid_init      pid.o
    0x08006098   0x08006098   0x00000270   Code   RO         5602    i.asin              m_ws.l(asin.o)
    0x08006308   0x08006308   0x00000220   Code   RO         5934    i.atan              m_ws.l(atan.o)
    0x08006528   0x08006528   0x00000180   Code   RO         5612    i.atan2             m_ws.l(atan2.o)
    0x080066a8   0x080066a8   0x0000002a   Code   RO         5620    i.atof              m_ws.l(atof.o)
    0x080066d2   0x080066d2   0x00000068   Code   RO          334    i.butterworth_lpf   filter.o
    0x0800673a   0x0800673a   0x00000006   Code   RO          911    i.clear_integral    pid.o
    0x08006740   0x08006740   0x00000014   Code   RO          496    i.delay             imath.o
    0x08006754   0x08006754   0x0000000c   Code   RO          497    i.f_abs             imath.o
    0x08006760   0x08006760   0x00000018   Code   RO         1474    i.fputc             usart.o
    0x08006778   0x08006778   0x0000002a   Code   RO          158    i.get_acc_g         mpu6050.o
    0x080067a2   0x080067a2   0x00000002   PAD
    0x080067a4   0x080067a4   0x00000034   Code   RO          159    i.get_acc_raw       mpu6050.o
    0x080067d8   0x080067d8   0x0000002c   Code   RO          160    i.get_deg_s         mpu6050.o
    0x08006804   0x08006804   0x000000a8   Code   RO          161    i.get_gyro_raw      mpu6050.o
    0x080068ac   0x080068ac   0x00000030   Code   RO          162    i.get_iir_factor    mpu6050.o
    0x080068dc   0x080068dc   0x0000002c   Code   RO          163    i.get_rad_s         mpu6050.o
    0x08006908   0x08006908   0x00000050   Code   RO          957    i.goForwardOrBackward  controller.o
    0x08006958   0x08006958   0x0000011c   Code   RO          164    i.gyro_cal          mpu6050.o
    0x08006a74   0x08006a74   0x00000008   Code   RO          498    i.int_abs           imath.o
    0x08006a7c   0x08006a7c   0x00000034   Code   RO          499    i.invSqrt           imath.o
    0x08006ab0   0x08006ab0   0x00000020   Code   RO           13    i.led_ctl           led.o
    0x08006ad0   0x08006ad0   0x0000004e   Code   RO           14    i.led_operation     led.o
    0x08006b1e   0x08006b1e   0x00000002   PAD
    0x08006b20   0x08006b20   0x00000030   Code   RO           15    i.led_set           led.o
    0x08006b50   0x08006b50   0x000003a4   Code   RO          438    i.mahony_update     imu.o
    0x08006ef4   0x08006ef4   0x000000f4   Code   RO         1158    i.main              main.o
    0x08006fe8   0x08006fe8   0x0000000c   Code   RO         5096    i.makeFreeRtosPriority  cmsis_os.o
    0x08006ff4   0x08006ff4   0x00000048   Code   RO          165    i.mpu6050_init      mpu6050.o
    0x0800703c   0x0800703c   0x0000000e   Code   RO         5098    i.osDelay           cmsis_os.o
    0x0800704a   0x0800704a   0x0000000a   Code   RO         5101    i.osKernelStart     cmsis_os.o
    0x08007054   0x08007054   0x00000026   Code   RO         5110    i.osMessageCreate   cmsis_os.o
    0x0800707a   0x0800707a   0x00000054   Code   RO         5135    i.osThreadCreate    cmsis_os.o
    0x080070ce   0x080070ce   0x00000094   Code   RO          912    i.pid_controller    pid.o
    0x08007162   0x08007162   0x00000002   PAD
    0x08007164   0x08007164   0x00000028   Code   RO          913    i.pid_init          pid.o
    0x0800718c   0x0800718c   0x00000070   Code   RO         4793    i.prvAddCurrentTaskToDelayedList  tasks.o
    0x080071fc   0x080071fc   0x000000d0   Code   RO         4794    i.prvAddNewTaskToReadyList  tasks.o
    0x080072cc   0x080072cc   0x00000034   Code   RO         4795    i.prvDeleteTCB      tasks.o
    0x08007300   0x08007300   0x0000004c   Code   RO         5463    i.prvHeapInit       heap_4.o
    0x0800734c   0x0800734c   0x00000060   Code   RO         4796    i.prvIdleTask       tasks.o
    0x080073ac   0x080073ac   0x00000016   Code   RO         4481    i.prvInitialiseNewQueue  queue.o
    0x080073c2   0x080073c2   0x0000008e   Code   RO         4797    i.prvInitialiseNewTask  tasks.o
    0x08007450   0x08007450   0x0000004c   Code   RO         5464    i.prvInsertBlockIntoFreeList  heap_4.o
    0x0800749c   0x0800749c   0x00000020   Code   RO         4798    i.prvResetNextTaskUnblockTime  tasks.o
    0x080074bc   0x080074bc   0x00000028   Code   RO         5525    i.prvTaskExitError  port.o
    0x080074e4   0x080074e4   0x000000d8   Code   RO         5465    i.pvPortMalloc      heap_4.o
    0x080075bc   0x080075bc   0x00000024   Code   RO         5526    i.pxPortInitialiseStack  port.o
    0x080075e0   0x080075e0   0x000000fc   Code   RO          166    i.readCalData       mpu6050.o
    0x080076dc   0x080076dc   0x00000030   Code   RO          879    i.readEncoderValue  encoder.o
    0x0800770c   0x0800770c   0x00000024   Code   RO         1308    i.read_ADC_voltagedata  adc.o
    0x08007730   0x08007730   0x00000118   Code   RO          439    i.rotation_matrix   imu.o
    0x08007848   0x08007848   0x00000118   Code   RO          440    i.rotation_matrix_T  imu.o
    0x08007960   0x08007960   0x00000008   Code   RO          500    i.setFloatValue     imath.o
    0x08007968   0x08007968   0x00000050   Code   RO          360    i.soft_iic_init     soft_iic.o
    0x080079b8   0x080079b8   0x0000004c   Code   RO         5963    i.sqrt              m_ws.l(sqrt.o)
    0x08007a04   0x08007a04   0x00000068   Code   RO          958    i.startup_rampUp    controller.o
    0x08007a6c   0x08007a6c   0x00000012   Code   RO          502    i.tdelay_us         imath.o
    0x08007a7e   0x08007a7e   0x0000000e   Code   RO          503    i.u16RangeLimit     imath.o
    0x08007a8c   0x08007a8c   0x00000030   Code   RO         1112    i.ultraCheck        ultrasonic.o
    0x08007abc   0x08007abc   0x0000005c   Code   RO          959    i.ultra_ctrl        controller.o
    0x08007b18   0x08007b18   0x00000028   Code   RO         1113    i.ultrasonic_startMeasure  ultrasonic.o
    0x08007b40   0x08007b40   0x00000026   Code   RO         4438    i.uxListRemove      list.o
    0x08007b66   0x08007b66   0x00000002   PAD
    0x08007b68   0x08007b68   0x00000014   Code   RO         1240    i.vApplicationGetIdleTaskMemory  freertos.o
    0x08007b7c   0x08007b7c   0x00000016   Code   RO         4439    i.vListInitialise   list.o
    0x08007b92   0x08007b92   0x00000006   Code   RO         4440    i.vListInitialiseItem  list.o
    0x08007b98   0x08007b98   0x00000030   Code   RO         4441    i.vListInsert       list.o
    0x08007bc8   0x08007bc8   0x00000018   Code   RO         4442    i.vListInsertEnd    list.o
    0x08007be0   0x08007be0   0x00000040   Code   RO         5528    i.vPortEnterCritical  port.o
    0x08007c20   0x08007c20   0x00000028   Code   RO         5529    i.vPortExitCritical  port.o
    0x08007c48   0x08007c48   0x0000005c   Code   RO         5466    i.vPortFree         heap_4.o
    0x08007ca4   0x08007ca4   0x00000024   Code   RO         5530    i.vPortSetupTimerInterrupt  port.o
    0x08007cc8   0x08007cc8   0x0000004c   Code   RO         4806    i.vTaskDelay        tasks.o
    0x08007d14   0x08007d14   0x0000006c   Code   RO         4819    i.vTaskStartScheduler  tasks.o
    0x08007d80   0x08007d80   0x00000010   Code   RO         4821    i.vTaskSuspendAll   tasks.o
    0x08007d90   0x08007d90   0x0000005c   Code   RO         4822    i.vTaskSwitchContext  tasks.o
    0x08007dec   0x08007dec   0x000000a8   Code   RO         5532    i.xPortStartScheduler  port.o
    0x08007e94   0x08007e94   0x0000002c   Code   RO         5533    i.xPortSysTickHandler  port.o
    0x08007ec0   0x08007ec0   0x00000048   Code   RO         4492    i.xQueueGenericCreate  queue.o
    0x08007f08   0x08007f08   0x00000066   Code   RO         4493    i.xQueueGenericCreateStatic  queue.o
    0x08007f6e   0x08007f6e   0x00000002   PAD
    0x08007f70   0x08007f70   0x00000088   Code   RO         4494    i.xQueueGenericReset  queue.o
    0x08007ff8   0x08007ff8   0x0000005a   Code   RO         4824    i.xTaskCreate       tasks.o
    0x08008052   0x08008052   0x00000056   Code   RO         4825    i.xTaskCreateStatic  tasks.o
    0x080080a8   0x080080a8   0x0000001c   Code   RO         4829    i.xTaskGetSchedulerState  tasks.o
    0x080080c4   0x080080c4   0x000000c8   Code   RO         4832    i.xTaskIncrementTick  tasks.o
    0x0800818c   0x0800818c   0x00000074   Code   RO         4837    i.xTaskRemoveFromEventList  tasks.o
    0x08008200   0x08008200   0x000000c4   Code   RO         4838    i.xTaskResumeAll    tasks.o
    0x080082c4   0x080082c4   0x00000818   Data   RO          750    .constdata          display.o
    0x08008adc   0x08008adc   0x0000003c   Data   RO          915    .constdata          pid.o
    0x08008b18   0x08008b18   0x000000c8   Data   RO         1242    .constdata          freertos.o
    0x08008be0   0x08008be0   0x00000010   Data   RO         4301    .constdata          system_stm32f1xx.o
    0x08008bf0   0x08008bf0   0x00000008   Data   RO         4302    .constdata          system_stm32f1xx.o
    0x08008bf8   0x08008bf8   0x00000050   Data   RO         5603    .constdata          m_ws.l(asin.o)
    0x08008c48   0x08008c48   0x00000098   Data   RO         5935    .constdata          m_ws.l(atan.o)
    0x08008ce0   0x08008ce0   0x00000008   Data   RO         5961    .constdata          m_ws.l(qnan.o)
    0x08008ce8   0x08008ce8   0x00000040   Data   RO         6032    .constdata          mc_w.l(ctype_c.o)
    0x08008d28   0x08008d28   0x00000048   Data   RO          171    .conststring        mpu6050.o
    0x08008d70   0x08008d70   0x0000006c   Data   RO         1243    .conststring        freertos.o
    0x08008ddc   0x08008ddc   0x00000020   Data   RO         6036    Region$$Table       anon$$obj.o


    Execution Region RW_IRAM1 (Exec base: 0x20000000, Load base: 0x08008dfc, Size: 0x00002120, Max: 0x00005000, ABSOLUTE, COMPRESSED[0x00000044])

    Exec Addr    Load Addr    Size         Type   Attr      Idx    E Section Name        Object

    0x20000000   COMPRESSED   0x0000003c   Data   RW          172    .data               mpu6050.o
    0x2000003c   COMPRESSED   0x0000001c   Data   RW          442    .data               imu.o
    0x20000058   COMPRESSED   0x00000004   Data   RW          577    .data               flash.o
    0x2000005c   COMPRESSED   0x00000004   Data   RW          637    .data               ano.o
    0x20000060   COMPRESSED   0x00000008   Data   RW          880    .data               encoder.o
    0x20000068   COMPRESSED   0x00000010   Data   RW          960    .data               controller.o
    0x20000078   COMPRESSED   0x0000000c   Data   RW         1045    .data               bluetooth.o
    0x20000084   COMPRESSED   0x00000014   Data   RW         1114    .data               ultrasonic.o
    0x20000098   COMPRESSED   0x00000020   Data   RW         1244    .data               freertos.o
    0x200000b8   COMPRESSED   0x00000008   Data   RW         1310    .data               adc.o
    0x200000c0   COMPRESSED   0x0000000c   Data   RW         2019    .data               stm32f1xx_hal.o
    0x200000cc   COMPRESSED   0x00000004   Data   RW         4303    .data               system_stm32f1xx.o
    0x200000d0   COMPRESSED   0x0000003c   Data   RW         4841    .data               tasks.o
    0x2000010c   COMPRESSED   0x00000018   Data   RW         5471    .data               heap_4.o
    0x20000124   COMPRESSED   0x0000000c   Data   RW         5534    .data               port.o
    0x20000130   COMPRESSED   0x00000004   Data   RW         5635    .data               mc_w.l(strtok.o)
    0x20000134   COMPRESSED   0x00000004   Data   RW         5984    .data               mc_w.l(stdout.o)
    0x20000138   COMPRESSED   0x00000004   Data   RW         5992    .data               mc_w.l(errno.o)
    0x2000013c        -       0x0000000c   Zero   RW           16    .bss                led.o
    0x20000148        -       0x00000100   Zero   RW          167    .bss                mpu6050.o
    0x20000248        -       0x0000000c   Zero   RW          168    .bss                mpu6050.o
    0x20000254        -       0x0000002c   Zero   RW          170    .bss                mpu6050.o
    0x20000280        -       0x0000006c   Zero   RW          441    .bss                imu.o
    0x200002ec        -       0x00000010   Zero   RW          575    .bss                flash.o
    0x200002fc        -       0x000000a3   Zero   RW          635    .bss                ano.o
    0x2000039f   COMPRESSED   0x00000001   PAD
    0x200003a0        -       0x00000084   Zero   RW          914    .bss                pid.o
    0x20000424        -       0x00000164   Zero   RW         1241    .bss                freertos.o
    0x20000588        -       0x0000009c   Zero   RW         1309    .bss                adc.o
    0x20000624        -       0x00000120   Zero   RW         1389    .bss                tim.o
    0x20000744        -       0x000004cc   Zero   RW         1476    .bss                usart.o
    0x20000c10        -       0x00000020   Zero   RW         2723    .bss                stm32f1xx_hal_flash.o
    0x20000c30        -       0x000000f0   Zero   RW         4840    .bss                tasks.o
    0x20000d20        -       0x00001000   Zero   RW         5470    .bss                heap_4.o
    0x20001d20        -       0x00000400   Zero   RW            1    STACK               startup_stm32f103xb.o


==============================================================================

Image component sizes


      Code (inc. data)   RO Data    RW Data    ZI Data      Debug   Object Name

       272         38          0          8        156       2945   adc.o
      1732         86          0          4        163      10273   ano.o
       492         86          0         12          0       4223   bluetooth.o
       158          0          0          0          0      23363   cmsis_os.o
       768        124          0         16          0       8017   controller.o
      1106         32       2072          0          0      10483   display.o
       108          4          0          0          0        850   dma.o
        48          8          0          8          0       1729   encoder.o
         0          0          0          0          0      18316   event_groups.o
       104          0          0          0          0       1034   filter.o
       198         40          0          4         16       3901   flash.o
       760        140        308         32        356       6587   freertos.o
       284         22          0          0          0       1075   gpio.o
       460         24          0         24       4096       7451   heap_4.o
       202          4          0          0          0       5571   imath.o
      1506         52          0         28        108       5511   imu.o
       158         12          0          0         12     451028   led.o
       138          0          0          0          0       3582   list.o
       370         60          0          0          0       2640   main.o
      1298        196         72         60        312      45632   mpu6050.o
       234         12         60          0        132       3471   pid.o
       578         60          0         12          0      10684   port.o
       332          4          0          0          0       6191   queue.o
       648         40          0          0          0       7049   soft_iic.o
        36          8        236          0       1024        832   startup_stm32f103xb.o
       128         24          0         12          0       5509   stm32f1xx_hal.o
      1134         56          0          0          0       8898   stm32f1xx_hal_adc.o
       198         14          0          0          0      29127   stm32f1xx_hal_cortex.o
       808         36          0          0          0       5202   stm32f1xx_hal_dma.o
       392         46          0          0         32       4970   stm32f1xx_hal_flash.o
       240         26          0          0          0       3365   stm32f1xx_hal_flash_ex.o
       540         40          0          0          0       4903   stm32f1xx_hal_gpio.o
        72         10          0          0          0        930   stm32f1xx_hal_msp.o
      1310        108          0          0          0       7015   stm32f1xx_hal_rcc.o
       236         12          0          0          0       1444   stm32f1xx_hal_rcc_ex.o
      2122         58          0          0          0      19174   stm32f1xx_hal_tim.o
       192         12          0          0          0       3317   stm32f1xx_hal_tim_ex.o
      1976         38          0          0          0      17911   stm32f1xx_hal_uart.o
       296         64          0          0          0       8657   stm32f1xx_it.o
         0          0          0          0          0        392   stream_buffer.o
         2          0         24          4          0       1211   system_stm32f1xx.o
      1650        124          0         60        240      18206   tasks.o
       820         76          0          0        288       5827   tim.o
       224         34          0         20          0       2489   ultrasonic.o
       696         74          0          0       1228       5364   usart.o

    ----------------------------------------------------------------------
     25082       1904       2804        304       8164     796349   Object Totals
         0          0         32          0          0          0   (incl. Generated)
        56          0          0          0          1          0   (incl. Padding)

    ----------------------------------------------------------------------

      Code (inc. data)   RO Data    RW Data    ZI Data      Debug   Library Member Name

       624         52         80          0          0        168   asin.o
       544         70        152          0          0        124   atan.o
       384         38          0          0          0        144   atan2.o
        42          0          0          0          0         84   atof.o
        38          6          0          0          0        272   dunder.o
        40          0          0          0          0         68   fpclassify.o
       170          0          0          0          0         96   poly.o
         0          0          8          0          0          0   qnan.o
        76          0          0          0          0         84   sqrt.o
        86          0          0          0          0          0   __dczerorl2.o
        64          0          0          0          0         84   _sgetc.o
        40          6         64          0          0         68   ctype_c.o
         0          0          0          0          0          0   entry.o
         0          0          0          0          0          0   entry10a.o
         0          0          0          0          0          0   entry11a.o
         8          4          0          0          0          0   entry2.o
         4          0          0          0          0          0   entry5.o
         0          0          0          0          0          0   entry7b.o
         0          0          0          0          0          0   entry8b.o
         8          4          0          0          0          0   entry9a.o
        24         12          0          4          0        136   errno.o
        30          0          0          0          0          0   handlers.o
        36          8          0          0          0         68   init.o
        10          0          0          0          0         68   isspace_c.o
         0          0          0          0          0          0   iusefp.o
        30          0          0          0          0         68   llshl.o
        36          0          0          0          0         68   llsshr.o
        32          0          0          0          0         68   llushr.o
        36          0          0          0          0         68   memcpya.o
        36          0          0          0          0        108   memseta.o
      2308         96          0          0          0        604   printfa.o
       878         12          0          0          0        216   scanf_fp.o
         0          0          0          4          0          0   stdout.o
       156         12          0          0          0        120   strtod.o
        68          6          0          4          0         80   strtok.o
        44          0          0          0          0         80   uidiv.o
        98          0          0          0          0         92   uldiv.o
        48          0          0          0          0         68   cdrcmple.o
        20          0          0          0          0         68   cfcmple.o
        20          0          0          0          0         68   cfrcmple.o
        56          0          0          0          0         88   d2f.o
       334          0          0          0          0        148   dadd.o
       222          0          0          0          0        100   ddiv.o
       186          0          0          0          0        176   depilogue.o
        62          0          0          0          0         80   dfixi.o
        50          0          0          0          0         76   dfixui.o
        48          0          0          0          0         68   dfixul.o
        24          0          0          0          0         76   dfltul.o
       228          0          0          0          0         96   dmul.o
        46          0          0          0          0         80   dscalb.o
       162          0          0          0          0        100   dsqrt.o
        38          0          0          0          0         68   f2d.o
       176          0          0          0          0        140   fadd.o
       124          0          0          0          0         88   fdiv.o
       110          0          0          0          0        168   fepilogue.o
        50          0          0          0          0         68   ffixi.o
        40          0          0          0          0         68   ffixui.o
        18          0          0          0          0         68   fflti.o
        10          0          0          0          0         68   ffltui.o
       100          0          0          0          0         76   fmul.o
        24          0          0          0          0         68   fscalb.o

    ----------------------------------------------------------------------
      8158        326        304         12          0       5208   Library Totals
        12          0          0          0          0          0   (incl. Padding)

    ----------------------------------------------------------------------

      Code (inc. data)   RO Data    RW Data    ZI Data      Debug   Library Name

      1918        166        240          0          0       1040   m_ws.l
      4032        160         64         12          0       1996   mc_w.l
      2196          0          0          0          0       2172   mf_w.l

    ----------------------------------------------------------------------
      8158        326        304         12          0       5208   Library Totals

    ----------------------------------------------------------------------

==============================================================================


      Code (inc. data)   RO Data    RW Data    ZI Data      Debug   

     33240       2230       3108        316       8164     784265   Grand Totals
     33240       2230       3108         68       8164     784265   ELF Image Totals (compressed)
     33240       2230       3108         68          0          0   ROM Totals

==============================================================================

    Total RO  Size (Code + RO Data)                36348 (  35.50kB)
    Total RW  Size (RW Data + ZI Data)              8480 (   8.28kB)
    Total ROM Size (Code + RO Data + RW Data)      36416 (  35.56kB)

==============================================================================

